Archive member included to satisfy reference by file (symbol)

C:/ST/STM32CubeIDE_1.16.1/STM32CubeIDE/plugins/com.st.stm32cube.ide.mcu.externaltools.gnu-tools-for-stm32.12.3.rel1.win32_1.0.200.202406191623/tools/bin/../lib/gcc/arm-none-eabi/12.3.1/../../../../arm-none-eabi/lib/thumb/v7e-m+fp/hard\libc_nano.a(libc_a-abort.o)
                              ./Core/Src/midi_event.o (abort)
C:/ST/STM32CubeIDE_1.16.1/STM32CubeIDE/plugins/com.st.stm32cube.ide.mcu.externaltools.gnu-tools-for-stm32.12.3.rel1.win32_1.0.200.202406191623/tools/bin/../lib/gcc/arm-none-eabi/12.3.1/../../../../arm-none-eabi/lib/thumb/v7e-m+fp/hard\libc_nano.a(libc_a-exit.o)
                              C:/ST/STM32CubeIDE_1.16.1/STM32CubeIDE/plugins/com.st.stm32cube.ide.mcu.externaltools.gnu-tools-for-stm32.12.3.rel1.win32_1.0.200.202406191623/tools/bin/../lib/gcc/arm-none-eabi/12.3.1/../../../../arm-none-eabi/lib/thumb/v7e-m+fp/hard/crt0.o (exit)
C:/ST/STM32CubeIDE_1.16.1/STM32CubeIDE/plugins/com.st.stm32cube.ide.mcu.externaltools.gnu-tools-for-stm32.12.3.rel1.win32_1.0.200.202406191623/tools/bin/../lib/gcc/arm-none-eabi/12.3.1/../../../../arm-none-eabi/lib/thumb/v7e-m+fp/hard\libc_nano.a(libc_a-malloc.o)
                              ./Core/Src/main.o (malloc)
C:/ST/STM32CubeIDE_1.16.1/STM32CubeIDE/plugins/com.st.stm32cube.ide.mcu.externaltools.gnu-tools-for-stm32.12.3.rel1.win32_1.0.200.202406191623/tools/bin/../lib/gcc/arm-none-eabi/12.3.1/../../../../arm-none-eabi/lib/thumb/v7e-m+fp/hard\libc_nano.a(libc_a-mallocr.o)
                              C:/ST/STM32CubeIDE_1.16.1/STM32CubeIDE/plugins/com.st.stm32cube.ide.mcu.externaltools.gnu-tools-for-stm32.12.3.rel1.win32_1.0.200.202406191623/tools/bin/../lib/gcc/arm-none-eabi/12.3.1/../../../../arm-none-eabi/lib/thumb/v7e-m+fp/hard\libc_nano.a(libc_a-malloc.o) (_malloc_r)
C:/ST/STM32CubeIDE_1.16.1/STM32CubeIDE/plugins/com.st.stm32cube.ide.mcu.externaltools.gnu-tools-for-stm32.12.3.rel1.win32_1.0.200.202406191623/tools/bin/../lib/gcc/arm-none-eabi/12.3.1/../../../../arm-none-eabi/lib/thumb/v7e-m+fp/hard\libc_nano.a(libc_a-mlock.o)
                              C:/ST/STM32CubeIDE_1.16.1/STM32CubeIDE/plugins/com.st.stm32cube.ide.mcu.externaltools.gnu-tools-for-stm32.12.3.rel1.win32_1.0.200.202406191623/tools/bin/../lib/gcc/arm-none-eabi/12.3.1/../../../../arm-none-eabi/lib/thumb/v7e-m+fp/hard\libc_nano.a(libc_a-mallocr.o) (__malloc_lock)
C:/ST/STM32CubeIDE_1.16.1/STM32CubeIDE/plugins/com.st.stm32cube.ide.mcu.externaltools.gnu-tools-for-stm32.12.3.rel1.win32_1.0.200.202406191623/tools/bin/../lib/gcc/arm-none-eabi/12.3.1/../../../../arm-none-eabi/lib/thumb/v7e-m+fp/hard\libc_nano.a(libc_a-findfp.o)
                              C:/ST/STM32CubeIDE_1.16.1/STM32CubeIDE/plugins/com.st.stm32cube.ide.mcu.externaltools.gnu-tools-for-stm32.12.3.rel1.win32_1.0.200.202406191623/tools/bin/../lib/gcc/arm-none-eabi/12.3.1/../../../../arm-none-eabi/lib/thumb/v7e-m+fp/hard\libc_nano.a(libc_a-exit.o) (__stdio_exit_handler)
C:/ST/STM32CubeIDE_1.16.1/STM32CubeIDE/plugins/com.st.stm32cube.ide.mcu.externaltools.gnu-tools-for-stm32.12.3.rel1.win32_1.0.200.202406191623/tools/bin/../lib/gcc/arm-none-eabi/12.3.1/../../../../arm-none-eabi/lib/thumb/v7e-m+fp/hard\libc_nano.a(libc_a-fwalk.o)
                              C:/ST/STM32CubeIDE_1.16.1/STM32CubeIDE/plugins/com.st.stm32cube.ide.mcu.externaltools.gnu-tools-for-stm32.12.3.rel1.win32_1.0.200.202406191623/tools/bin/../lib/gcc/arm-none-eabi/12.3.1/../../../../arm-none-eabi/lib/thumb/v7e-m+fp/hard\libc_nano.a(libc_a-findfp.o) (_fwalk_sglue)
C:/ST/STM32CubeIDE_1.16.1/STM32CubeIDE/plugins/com.st.stm32cube.ide.mcu.externaltools.gnu-tools-for-stm32.12.3.rel1.win32_1.0.200.202406191623/tools/bin/../lib/gcc/arm-none-eabi/12.3.1/../../../../arm-none-eabi/lib/thumb/v7e-m+fp/hard\libc_nano.a(libc_a-stdio.o)
                              C:/ST/STM32CubeIDE_1.16.1/STM32CubeIDE/plugins/com.st.stm32cube.ide.mcu.externaltools.gnu-tools-for-stm32.12.3.rel1.win32_1.0.200.202406191623/tools/bin/../lib/gcc/arm-none-eabi/12.3.1/../../../../arm-none-eabi/lib/thumb/v7e-m+fp/hard\libc_nano.a(libc_a-findfp.o) (__sread)
C:/ST/STM32CubeIDE_1.16.1/STM32CubeIDE/plugins/com.st.stm32cube.ide.mcu.externaltools.gnu-tools-for-stm32.12.3.rel1.win32_1.0.200.202406191623/tools/bin/../lib/gcc/arm-none-eabi/12.3.1/../../../../arm-none-eabi/lib/thumb/v7e-m+fp/hard\libc_nano.a(libc_a-vsnprintf.o)
                              ./Core/Src/utils.o (vsnprintf)
C:/ST/STM32CubeIDE_1.16.1/STM32CubeIDE/plugins/com.st.stm32cube.ide.mcu.externaltools.gnu-tools-for-stm32.12.3.rel1.win32_1.0.200.202406191623/tools/bin/../lib/gcc/arm-none-eabi/12.3.1/../../../../arm-none-eabi/lib/thumb/v7e-m+fp/hard\libc_nano.a(libc_a-memset.o)
                              C:/ST/STM32CubeIDE_1.16.1/STM32CubeIDE/plugins/com.st.stm32cube.ide.mcu.externaltools.gnu-tools-for-stm32.12.3.rel1.win32_1.0.200.202406191623/tools/bin/../lib/gcc/arm-none-eabi/12.3.1/../../../../arm-none-eabi/lib/thumb/v7e-m+fp/hard/crt0.o (memset)
[...]
Memory Configuration

Name             Origin             Length             Attributes
RAM              0x20000000         0x00020000         xrw
FLASH            0x08000000         0x00080000         xr
*default*        0x00000000         0xffffffff

Linker script and memory map

LOAD C:/ST/STM32CubeIDE_1.16.1/STM32CubeIDE/plugins/com.st.stm32cube.ide.mcu.externaltools.gnu-tools-for-stm32.12.3.rel1.win32_1.0.200.202406191623/tools/bin/../lib/gcc/arm-none-eabi/12.3.1/thumb/v7e-m+fp/hard/crti.o
LOAD C:/ST/STM32CubeIDE_1.16.1/STM32CubeIDE/plugins/com.st.stm32cube.ide.mcu.externaltools.gnu-tools-for-stm32.12.3.rel1.win32_1.0.200.202406191623/tools/bin/../lib/gcc/arm-none-eabi/12.3.1/thumb/v7e-m+fp/hard/crtbegin.o
LOAD C:/ST/STM32CubeIDE_1.16.1/STM32CubeIDE/plugins/com.st.stm32cube.ide.mcu.externaltools.gnu-tools-for-stm32.12.3.rel1.win32_1.0.200.202406191623/tools/bin/../lib/gcc/arm-none-eabi/12.3.1/../../../../arm-none-eabi/lib/thumb/v7e-m+fp/hard/crt0.o
LOAD ./Core/Src/freertos.o
LOAD ./Core/Src/main.o
LOAD ./Core/Src/midi_event.o
LOAD ./Core/Src/stm32f4xx_hal_msp.o
LOAD ./Core/Src/stm32f4xx_hal_timebase_tim.o
LOAD ./Core/Src/stm32f4xx_it.o
LOAD ./Core/Src/syscalls.o
LOAD ./Core/Src/sysmem.o
LOAD ./Core/Src/system_stm32f4xx.o
LOAD ./Core/Src/utils.o
LOAD ./Core/Startup/startup_stm32f446retx.o
LOAD ./Drivers/STM32F4xx_HAL_Driver/Src/stm32f4xx_hal.o
LOAD ./Drivers/STM32F4xx_HAL_Driver/Src/stm32f4xx_hal_cortex.o
LOAD ./Drivers/STM32F4xx_HAL_Driver/Src/stm32f4xx_hal_dma.o
LOAD ./Drivers/STM32F4xx_HAL_Driver/Src/stm32f4xx_hal_dma_ex.o
LOAD ./Drivers/STM32F4xx_HAL_Driver/Src/stm32f4xx_hal_exti.o
LOAD ./Drivers/STM32F4xx_HAL_Driver/Src/stm32f4xx_hal_flash.o
LOAD ./Drivers/STM32F4xx_HAL_Driver/Src/stm32f4xx_hal_flash_ex.o
LOAD ./Drivers/STM32F4xx_HAL_Driver/Src/stm32f4xx_hal_flash_ramfunc.o
LOAD ./Drivers/STM32F4xx_HAL_Driver/Src/stm32f4xx_hal_gpio.o
LOAD ./Drivers/STM32F4xx_HAL_Driver/Src/stm32f4xx_hal_pwr.o
LOAD ./Drivers/STM32F4xx_HAL_Driver/Src/stm32f4xx_hal_pwr_ex.o
LOAD ./Drivers/STM32F4xx_HAL_Driver/Src/stm32f4xx_hal_rcc.o
LOAD ./Drivers/STM32F4xx_HAL_Driver/Src/stm32f4xx_hal_rcc_ex.o
LOAD ./Drivers/STM32F4xx_HAL_Driver/Src/stm32f4xx_hal_spi.o
LOAD ./Drivers/STM32F4xx_HAL_Driver/Src/stm32f4xx_hal_tim.o
LOAD ./Drivers/STM32F4xx_HAL_Driver/Src/stm32f4xx_hal_tim_ex.o
LOAD ./Drivers/STM32F4xx_HAL_Driver/Src/stm32f4xx_hal_uart.o
LOAD ./FATFS/App/fatfs.o
LOAD ./FATFS/Target/user_diskio.o
LOAD ./FATFS/Target/user_diskio_spi.o
LOAD ./Middlewares/Third_Party/FatFs/src/diskio.o
LOAD ./Middlewares/Third_Party/FatFs/src/ff.o
LOAD ./Middlewares/Third_Party/FatFs/src/ff_gen_drv.o
LOAD ./Middlewares/Third_Party/FatFs/src/option/syscall.o
LOAD ./Middlewares/Third_Party/FreeRTOS/Source/CMSIS_RTOS/cmsis_os.o
LOAD ./Middlewares/Third_Party/FreeRTOS/Source/croutine.o
LOAD ./Middlewares/Third_Party/FreeRTOS/Source/event_groups.o
LOAD ./Middlewares/Third_Party/FreeRTOS/Source/list.o
LOAD ./Middlewares/Third_Party/FreeRTOS/Source/queue.o
LOAD ./Middlewares/Third_Party/FreeRTOS/Source/stream_buffer.o
LOAD ./Middlewares/Third_Party/FreeRTOS/Source/tasks.o
LOAD ./Middlewares/Third_Party/FreeRTOS/Source/timers.o
LOAD ./Middlewares/Third_Party/FreeRTOS/Source/portable/GCC/ARM_CM4F/port.o
LOAD ./Middlewares/Third_Party/FreeRTOS/Source/portable/MemMang/heap_4.o
START GROUP
LOAD C:/ST/STM32CubeIDE_1.16.1/STM32CubeIDE/plugins/com.st.stm32cube.ide.mcu.externaltools.gnu-tools-for-stm32.12.3.rel1.win32_1.0.200.202406191623/tools/bin/../lib/gcc/arm-none-eabi/12.3.1/../../../../arm-none-eabi/lib/thumb/v7e-m+fp/hard\libc_nano.a
LOAD C:/ST/STM32CubeIDE_1.16.1/STM32CubeIDE/plugins/com.st.stm32cube.ide.mcu.externaltools.gnu-tools-for-stm32.12.3.rel1.win32_1.0.200.202406191623/tools/bin/../lib/gcc/arm-none-eabi/12.3.1/../../../../arm-none-eabi/lib/thumb/v7e-m+fp/hard\libm.a
END GROUP
START GROUP
LOAD C:/ST/STM32CubeIDE_1.16.1/STM32CubeIDE/plugins/com.st.stm32cube.ide.mcu.externaltools.gnu-tools-for-stm32.12.3.rel1.win32_1.0.200.202406191623/tools/bin/../lib/gcc/arm-none-eabi/12.3.1/thumb/v7e-m+fp/hard\libgcc.a
LOAD C:/ST/STM32CubeIDE_1.16.1/STM32CubeIDE/plugins/com.st.stm32cube.ide.mcu.externaltools.gnu-tools-for-stm32.12.3.rel1.win32_1.0.200.202406191623/tools/bin/../lib/gcc/arm-none-eabi/12.3.1/../../../../arm-none-eabi/lib/thumb/v7e-m+fp/hard\libc_nano.a
END GROUP
START GROUP
LOAD C:/ST/STM32CubeIDE_1.16.1/STM32CubeIDE/plugins/com.st.stm32cube.ide.mcu.externaltools.gnu-tools-for-stm32.12.3.rel1.win32_1.0.200.202406191623/tools/bin/../lib/gcc/arm-none-eabi/12.3.1/thumb/v7e-m+fp/hard\libgcc.a
LOAD C:/ST/STM32CubeIDE_1.16.1/STM32CubeIDE/plugins/com.st.stm32cube.ide.mcu.externaltools.gnu-tools-for-stm32.12.3.rel1.win32_1.0.200.202406191623/tools/bin/../lib/gcc/arm-none-eabi/12.3.1/../../../../arm-none-eabi/lib/thumb/v7e-m+fp/hard\libc_nano.a
LOAD C:/ST/STM32CubeIDE_1.16.1/STM32CubeIDE/plugins/com.st.stm32cube.ide.mcu.externaltools.gnu-tools-for-stm32.12.3.rel1.win32_1.0.200.202406191623/tools/bin/../lib/gcc/arm-none-eabi/12.3.1/../../../../arm-none-eabi/lib/thumb/v7e-m+fp/hard\libnosys.a
END GROUP
START GROUP
LOAD C:/ST/STM32CubeIDE_1.16.1/STM32CubeIDE/plugins/com.st.stm32cube.ide.mcu.externaltools.gnu-tools-for-stm32.12.3.rel1.win32_1.0.200.202406191623/tools/bin/../lib/gcc/arm-none-eabi/12.3.1/thumb/v7e-m+fp/hard\libgcc.a
LOAD C:/ST/STM32CubeIDE_1.16.1/STM32CubeIDE/plugins/com.st.stm32cube.ide.mcu.externaltools.gnu-tools-for-stm32.12.3.rel1.win32_1.0.200.202406191623/tools/bin/../lib/gcc/arm-none-eabi/12.3.1/../../../../arm-none-eabi/lib/thumb/v7e-m+fp/hard\libc_nano.a
LOAD C:/ST/STM32CubeIDE_1.16.1/STM32CubeIDE/plugins/com.st.stm32cube.ide.mcu.externaltools.gnu-tools-for-stm32.12.3.rel1.win32_1.0.200.202406191623/tools/bin/../lib/gcc/arm-none-eabi/12.3.1/../../../../arm-none-eabi/lib/thumb/v7e-m+fp/hard\libnosys.a
END GROUP
LOAD C:/ST/STM32CubeIDE_1.16.1/STM32CubeIDE/plugins/com.st.stm32cube.ide.mcu.externaltools.gnu-tools-for-stm32.12.3.rel1.win32_1.0.200.202406191623/tools/bin/../lib/gcc/arm-none-eabi/12.3.1/thumb/v7e-m+fp/hard/crtend.o
LOAD C:/ST/STM32CubeIDE_1.16.1/STM32CubeIDE/plugins/com.st.stm32cube.ide.mcu.externaltools.gnu-tools-for-stm32.12.3.rel1.win32_1.0.200.202406191623/tools/bin/../lib/gcc/arm-none-eabi/12.3.1/thumb/v7e-m+fp/hard/crtn.o
                0x20020000                        _estack = (ORIGIN (RAM) + LENGTH (RAM))
                0x00000200                        _Min_Heap_Size = 0x200
                0x00000400                        _Min_Stack_Size = 0x400

.isr_vector     0x08000000      0x1c4
                0x08000000                        . = ALIGN (0x4)
 *(.isr_vector)
 .isr_vector    0x08000000      0x1c4 ./Core/Startup/startup_stm32f446retx.o
                0x08000000                g_pfnVectors
                0x080001c4                        . = ALIGN (0x4)

.text           0x080001d0     0xcbec
                0x080001d0                        . = ALIGN (0x4)
 *(.text)
 .text          0x080001d0       0x40 C:/ST/STM32CubeIDE_1.16.1/STM32CubeIDE/plugins/com.st.stm32cube.ide.mcu.externaltools.gnu-tools-for-stm32.12.3.rel1.win32_1.0.200.202406191623/tools/bin/../lib/gcc/arm-none-eabi/12.3.1/thumb/v7e-m+fp/hard/crtbegin.o
 .text          0x08000210       0x10 C:/ST/STM32CubeIDE_1.16.1/STM32CubeIDE/plugins/com.st.stm32cube.ide.mcu.externaltools.gnu-tools-for-stm32.12.3.rel1.win32_1.0.200.202406191623/tools/bin/../lib/gcc/arm-none-eabi/12.3.1/../../../../arm-none-eabi/lib/thumb/v7e-m+fp/hard\libc_nano.a(libc_a-strlen.o)
                0x08000210                strlen
 .text          0x08000220       0xa0 C:/ST/STM32CubeIDE_1.16.1/STM32CubeIDE/plugins/com.st.stm32cube.ide.mcu.externaltools.gnu-tools-for-stm32.12.3.rel1.win32_1.0.200.202406191623/tools/bin/../lib/gcc/arm-none-eabi/12.3.1/../../../../arm-none-eabi/lib/thumb/v7e-m+fp/hard\libc_nano.a(libc_a-memchr.o)
                0x08000220                memchr
 .text          0x080002c0      0x378 C:/ST/STM32CubeIDE_1.16.1/STM32CubeIDE/plugins/com.st.stm32cube.ide.mcu.externaltools.gnu-tools-for-stm32.12.3.rel1.win32_1.0.200.202406191623/tools/bin/../lib/gcc/arm-none-eabi/12.3.1/thumb/v7e-m+fp/hard\libgcc.a(_arm_addsubdf3.o)
                0x080002c0                __aeabi_drsub
                0x080002c8                __aeabi_dsub
                0x080002c8                __subdf3
                0x080002cc                __aeabi_dadd
                0x080002cc                __adddf3
                0x08000544                __floatunsidf
                0x08000544                __aeabi_ui2d
                0x08000564                __floatsidf
                0x08000564                __aeabi_i2d
                0x08000588                __aeabi_f2d
                0x08000588                __extendsfdf2
                0x080005cc                __floatundidf
                0x080005cc                __aeabi_ul2d
                0x080005dc                __floatdidf
                0x080005dc                __aeabi_l2d
 .text          0x08000638      0x424 C:/ST/STM32CubeIDE_1.16.1/STM32CubeIDE/plugins/com.st.stm32cube.ide.mcu.externaltools.gnu-tools-for-stm32.12.3.rel1.win32_1.0.200.202406191623/tools/bin/../lib/gcc/arm-none-eabi/12.3.1/thumb/v7e-m+fp/hard\libgcc.a(_arm_muldivdf3.o)
                0x08000638                __aeabi_dmul
                0x08000638                __muldf3
                0x0800088c                __divdf3
                0x0800088c                __aeabi_ddiv
 .text          0x08000a5c      0x110 C:/ST/STM32CubeIDE_1.16.1/STM32CubeIDE/plugins/com.st.stm32cube.ide.mcu.externaltools.gnu-tools-for-stm32.12.3.rel1.win32_1.0.200.202406191623/tools/bin/../lib/gcc/arm-none-eabi/12.3.1/thumb/v7e-m+fp/hard\libgcc.a(_arm_cmpdf2.o)
                0x08000a5c                __gtdf2
                0x08000a5c                __gedf2
                0x08000a64                __ltdf2
                0x08000a64                __ledf2
                0x08000a6c                __nedf2
                0x08000a6c                __eqdf2
                0x08000a6c                __cmpdf2
                0x08000ae8                __aeabi_cdrcmple
                0x08000af8                __aeabi_cdcmpeq
                0x08000af8                __aeabi_cdcmple
                0x08000b08                __aeabi_dcmpeq
                0x08000b1c                __aeabi_dcmplt
                0x08000b30                __aeabi_dcmple
                0x08000b44                __aeabi_dcmpge
                0x08000b58                __aeabi_dcmpgt
 .text          0x08000b6c       0x2c C:/ST/STM32CubeIDE_1.16.1/STM32CubeIDE/plugins/com.st.stm32cube.ide.mcu.externaltools.gnu-tools-for-stm32.12.3.rel1.win32_1.0.200.202406191623/tools/bin/../lib/gcc/arm-none-eabi/12.3.1/thumb/v7e-m+fp/hard\libgcc.a(_arm_unorddf2.o)
                0x08000b6c                __unorddf2
                0x08000b6c                __aeabi_dcmpun
 .text          0x08000b98       0xa0 C:/ST/STM32CubeIDE_1.16.1/STM32CubeIDE/plugins/com.st.stm32cube.ide.mcu.externaltools.gnu-tools-for-stm32.12.3.rel1.win32_1.0.200.202406191623/tools/bin/../lib/gcc/arm-none-eabi/12.3.1/thumb/v7e-m+fp/hard\libgcc.a(_arm_truncdfsf2.o)
                0x08000b98                __truncdfsf2
                0x08000b98                __aeabi_d2f
 .text          0x08000c38       0x30 C:/ST/STM32CubeIDE_1.16.1/STM32CubeIDE/plugins/com.st.stm32cube.ide.mcu.externaltools.gnu-tools-for-stm32.12.3.rel1.win32_1.0.200.202406191623/tools/bin/../lib/gcc/arm-none-eabi/12.3.1/thumb/v7e-m+fp/hard\libgcc.a(_aeabi_uldivmod.o)
                0x08000c38                __aeabi_uldivmod
 .text          0x08000c68      0x2bc C:/ST/STM32CubeIDE_1.16.1/STM32CubeIDE/plugins/com.st.stm32cube.ide.mcu.externaltools.gnu-tools-for-stm32.12.3.rel1.win32_1.0.200.202406191623/tools/bin/../lib/gcc/arm-none-eabi/12.3.1/thumb/v7e-m+fp/hard\libgcc.a(_udivmoddi4.o)
                0x08000c68                __udivmoddi4
 .text          0x08000f24        0x4 C:/ST/STM32CubeIDE_1.16.1/STM32CubeIDE/plugins/com.st.stm32cube.ide.mcu.externaltools.gnu-tools-for-stm32.12.3.rel1.win32_1.0.200.202406191623/tools/bin/../lib/gcc/arm-none-eabi/12.3.1/thumb/v7e-m+fp/hard\libgcc.a(_dvmd_tls.o)
                0x08000f24                __aeabi_idiv0
                0x08000f24                __aeabi_ldiv0
 *(.text*)
 .text.vApplicationGetIdleTaskMemory
                0x08000f28       0x34 ./Core/Src/freertos.o
                0x08000f28                vApplicationGetIdleTaskMemory
 .text.main     0x08000f5c      0x1b8 ./Core/Src/main.o
                0x08000f5c                main
 .text.SystemClock_Config
                0x08001114       0xd8 ./Core/Src/main.o
                0x08001114                SystemClock_Config
 .text.MX_SPI1_Init
                0x080011ec       0x6c ./Core/Src/main.o
 .text.MX_TIM1_Init
                0x08001258      0x108 ./Core/Src/main.o
 .text.MX_USART2_UART_Init
                0x08001360       0x54 ./Core/Src/main.o
 .text.MX_GPIO_Init
                0x080013b4       0x64 ./Core/Src/main.o
 .text.StartParseMidi
                0x08001418       0x74 ./Core/Src/main.o
                0x08001418                StartParseMidi
 .text.StartAudioOutput
                0x0800148c       0x84 ./Core/Src/main.o
                0x0800148c                StartAudioOutput
 .text.HAL_TIM_PeriodElapsedCallback
                0x08001510       0x24 ./Core/Src/main.o
                0x08001510                HAL_TIM_PeriodElapsedCallback
 .text.Error_Handler
                0x08001534        0xc ./Core/Src/main.o
                0x08001534                Error_Handler
 .text.note_on_event
                0x08001540      0x104 ./Core/Src/midi_event.o
                0x08001540                note_on_event
 *fill*         0x08001644        0x4 
 .text.note_off_event
                0x08001648       0xf0 ./Core/Src/midi_event.o
                0x08001648                note_off_event
 .text.midi_event_handler
                0x08001738       0xe4 ./Core/Src/midi_event.o
                0x08001738                midi_event_handler
 .text.meta_event_handler
                0x0800181c      0x434 ./Core/Src/midi_event.o
                0x0800181c                meta_event_handler
 .text.skip_meta_event
                0x08001c50       0x2e ./Core/Src/midi_event.o
                0x08001c50                skip_meta_event
 *fill*         0x08001c7e        0x2 
 .text.skip_midi_event
                0x08001c80      0x104 ./Core/Src/midi_event.o
                0x08001c80                skip_midi_event
 .text.find_key
                0x08001d84       0xa8 ./Core/Src/midi_event.o
                0x08001d84                find_key
 .text.play_one_track
                0x08001e2c      0x158 ./Core/Src/midi_event.o
                0x08001e2c                play_one_track
 .text.parse_midi_header
                0x08001f84      0x188 ./Core/Src/midi_event.o
                0x08001f84                parse_midi_header
 .text.HAL_MspInit
                0x0800210c       0x58 ./Core/Src/stm32f4xx_hal_msp.o
                0x0800210c                HAL_MspInit
 .text.HAL_SPI_MspInit
                0x08002164       0x90 ./Core/Src/stm32f4xx_hal_msp.o
                0x08002164                HAL_SPI_MspInit
 .text.HAL_TIM_PWM_MspInit
                0x080021f4       0x44 ./Core/Src/stm32f4xx_hal_msp.o
                0x080021f4                HAL_TIM_PWM_MspInit
 .text.HAL_TIM_MspPostInit
                0x08002238       0x74 ./Core/Src/stm32f4xx_hal_msp.o
                0x08002238                HAL_TIM_MspPostInit
 .text.HAL_UART_MspInit
                0x080022ac       0x90 ./Core/Src/stm32f4xx_hal_msp.o
                0x080022ac                HAL_UART_MspInit
 .text.HAL_InitTick
                0x0800233c       0xf8 ./Core/Src/stm32f4xx_hal_timebase_tim.o
                0x0800233c                HAL_InitTick
 .text.NMI_Handler
                0x08002434        0x8 ./Core/Src/stm32f4xx_it.o
                0x08002434                NMI_Handler
 .text.HardFault_Handler
                0x0800243c       0x14 ./Core/Src/stm32f4xx_it.o
                0x0800243c                HardFault_Handler
 .text.MemManage_Handler
                0x08002450        0x8 ./Core/Src/stm32f4xx_it.o
                0x08002450                MemManage_Handler
 .text.BusFault_Handler
                0x08002458        0x8 ./Core/Src/stm32f4xx_it.o
                0x08002458                BusFault_Handler
 .text.UsageFault_Handler
                0x08002460        0x8 ./Core/Src/stm32f4xx_it.o
                0x08002460                UsageFault_Handler
 .text.DebugMon_Handler
                0x08002468        0xe ./Core/Src/stm32f4xx_it.o
                0x08002468                DebugMon_Handler
 *fill*         0x08002476        0x2 
 .text.TIM8_TRG_COM_TIM14_IRQHandler
                0x08002478       0x14 ./Core/Src/stm32f4xx_it.o
                0x08002478                TIM8_TRG_COM_TIM14_IRQHandler
 .text._getpid  0x0800248c       0x10 ./Core/Src/syscalls.o
                0x0800248c                _getpid
 .text._kill    0x0800249c       0x20 ./Core/Src/syscalls.o
                0x0800249c                _kill
 .text._exit    0x080024bc       0x16 ./Core/Src/syscalls.o
                0x080024bc                _exit
 *fill*         0x080024d2        0x2 
 .text._sbrk    0x080024d4       0x6c ./Core/Src/sysmem.o
                0x080024d4                _sbrk
 .text.SystemInit
                0x08002540       0x24 ./Core/Src/system_stm32f4xx.o
                0x08002540                SystemInit
 .text.decode_vlq
                0x08002564       0x3a ./Core/Src/utils.o
                0x08002564                decode_vlq
 .text.delta_time_to_ms
                0x0800259e       0x64 ./Core/Src/utils.o
                0x0800259e                delta_time_to_ms
 *fill*         0x08002602        0x2 
 .text.myprintf
                0x08002604       0x70 ./Core/Src/utils.o
                0x08002604                myprintf
 .text.Reset_Handler
                0x08002674       0x50 ./Core/Startup/startup_stm32f446retx.o
                0x08002674                Reset_Handler
 .text.Default_Handler
                0x080026c4        0x2 ./Core/Startup/startup_stm32f446retx.o
                0x080026c4                RTC_Alarm_IRQHandler
                0x080026c4                EXTI2_IRQHandler
                0x080026c4                TIM8_CC_IRQHandler
                0x080026c4                FMPI2C1_EV_IRQHandler
                0x080026c4                SPI4_IRQHandler
                0x080026c4                TIM1_CC_IRQHandler
                0x080026c4                DMA2_Stream5_IRQHandler
                0x080026c4                DMA1_Stream5_IRQHandler
                0x080026c4                PVD_IRQHandler
                0x080026c4                SDIO_IRQHandler
                0x080026c4                TAMP_STAMP_IRQHandler
                0x080026c4                CAN2_RX1_IRQHandler
                0x080026c4                EXTI3_IRQHandler
                0x080026c4                TIM1_UP_TIM10_IRQHandler
                0x080026c4                TIM8_UP_TIM13_IRQHandler
                0x080026c4                I2C3_ER_IRQHandler
                0x080026c4                EXTI0_IRQHandler
                0x080026c4                I2C2_EV_IRQHandler
                0x080026c4                DMA1_Stream2_IRQHandler
                0x080026c4                CAN1_RX0_IRQHandler
                0x080026c4                FPU_IRQHandler
                0x080026c4                OTG_HS_WKUP_IRQHandler
                0x080026c4                CAN2_SCE_IRQHandler
                0x080026c4                DMA2_Stream2_IRQHandler
                0x080026c4                SPI1_IRQHandler
                0x080026c4                TIM6_DAC_IRQHandler
                0x080026c4                TIM1_BRK_TIM9_IRQHandler
                0x080026c4                DCMI_IRQHandler
                0x080026c4                CAN2_RX0_IRQHandler
                0x080026c4                DMA2_Stream3_IRQHandler
                0x080026c4                SAI2_IRQHandler
                0x080026c4                USART6_IRQHandler
                0x080026c4                USART3_IRQHandler
                0x080026c4                CAN1_RX1_IRQHandler
                0x080026c4                UART5_IRQHandler
                0x080026c4                DMA2_Stream0_IRQHandler
                0x080026c4                TIM4_IRQHandler
                0x080026c4                QUADSPI_IRQHandler
                0x080026c4                I2C1_EV_IRQHandler
                0x080026c4                DMA1_Stream6_IRQHandler
                0x080026c4                DMA1_Stream1_IRQHandler
                0x080026c4                UART4_IRQHandler
                0x080026c4                TIM3_IRQHandler
                0x080026c4                RCC_IRQHandler
                0x080026c4                TIM8_BRK_TIM12_IRQHandler
                0x080026c4                Default_Handler
                0x080026c4                CEC_IRQHandler
                0x080026c4                EXTI15_10_IRQHandler
                0x080026c4                ADC_IRQHandler
                0x080026c4                DMA1_Stream7_IRQHandler
                0x080026c4                TIM7_IRQHandler
                0x080026c4                CAN2_TX_IRQHandler
                0x080026c4                TIM5_IRQHandler
                0x080026c4                DMA2_Stream7_IRQHandler
                0x080026c4                I2C3_EV_IRQHandler
                0x080026c4                EXTI9_5_IRQHandler
                0x080026c4                RTC_WKUP_IRQHandler
                0x080026c4                SPDIF_RX_IRQHandler
                0x080026c4                SPI2_IRQHandler
                0x080026c4                OTG_HS_EP1_IN_IRQHandler
                0x080026c4                DMA1_Stream0_IRQHandler
                0x080026c4                CAN1_TX_IRQHandler
                0x080026c4                FMPI2C1_ER_IRQHandler
                0x080026c4                EXTI4_IRQHandler
                0x080026c4                OTG_HS_EP1_OUT_IRQHandler
                0x080026c4                WWDG_IRQHandler
                0x080026c4                TIM2_IRQHandler
                0x080026c4                OTG_FS_WKUP_IRQHandler
                0x080026c4                TIM1_TRG_COM_TIM11_IRQHandler
                0x080026c4                OTG_HS_IRQHandler
                0x080026c4                EXTI1_IRQHandler
                0x080026c4                USART2_IRQHandler
                0x080026c4                I2C2_ER_IRQHandler
                0x080026c4                DMA2_Stream1_IRQHandler
                0x080026c4                CAN1_SCE_IRQHandler
                0x080026c4                FLASH_IRQHandler
                0x080026c4                DMA2_Stream4_IRQHandler
                0x080026c4                USART1_IRQHandler
                0x080026c4                OTG_FS_IRQHandler
                0x080026c4                SPI3_IRQHandler
                0x080026c4                DMA1_Stream4_IRQHandler
                0x080026c4                I2C1_ER_IRQHandler
                0x080026c4                FMC_IRQHandler
                0x080026c4                DMA2_Stream6_IRQHandler
                0x080026c4                SAI1_IRQHandler
                0x080026c4                DMA1_Stream3_IRQHandler
 *fill*         0x080026c6        0x2 
 .text.HAL_Init
                0x080026c8       0x44 ./Drivers/STM32F4xx_HAL_Driver/Src/stm32f4xx_hal.o
                0x080026c8                HAL_Init
 .text.HAL_IncTick
                0x0800270c       0x28 ./Drivers/STM32F4xx_HAL_Driver/Src/stm32f4xx_hal.o
                0x0800270c                HAL_IncTick
 .text.HAL_GetTick
                0x08002734       0x18 ./Drivers/STM32F4xx_HAL_Driver/Src/stm32f4xx_hal.o
                0x08002734                HAL_GetTick
 .text.__NVIC_SetPriorityGrouping
                0x0800274c       0x48 ./Drivers/STM32F4xx_HAL_Driver/Src/stm32f4xx_hal_cortex.o
 .text.__NVIC_GetPriorityGrouping
                0x08002794       0x1c ./Drivers/STM32F4xx_HAL_Driver/Src/stm32f4xx_hal_cortex.o
 .text.__NVIC_EnableIRQ
                0x080027b0       0x3c ./Drivers/STM32F4xx_HAL_Driver/Src/stm32f4xx_hal_cortex.o
 .text.__NVIC_SetPriority
                0x080027ec       0x54 ./Drivers/STM32F4xx_HAL_Driver/Src/stm32f4xx_hal_cortex.o
 .text.NVIC_EncodePriority
                0x08002840       0x66 ./Drivers/STM32F4xx_HAL_Driver/Src/stm32f4xx_hal_cortex.o
 .text.HAL_NVIC_SetPriorityGrouping
                0x080028a6       0x16 ./Drivers/STM32F4xx_HAL_Driver/Src/stm32f4xx_hal_cortex.o
                0x080028a6                HAL_NVIC_SetPriorityGrouping
 .text.HAL_NVIC_SetPriority
                0x080028bc       0x38 ./Drivers/STM32F4xx_HAL_Driver/Src/stm32f4xx_hal_cortex.o
                0x080028bc                HAL_NVIC_SetPriority
 .text.HAL_NVIC_EnableIRQ
                0x080028f4       0x1c ./Drivers/STM32F4xx_HAL_Driver/Src/stm32f4xx_hal_cortex.o
                0x080028f4                HAL_NVIC_EnableIRQ
 .text.HAL_GPIO_Init
                0x08002910      0x328 ./Drivers/STM32F4xx_HAL_Driver/Src/stm32f4xx_hal_gpio.o
                0x08002910                HAL_GPIO_Init
 .text.HAL_GPIO_WritePin
                0x08002c38       0x32 ./Drivers/STM32F4xx_HAL_Driver/Src/stm32f4xx_hal_gpio.o
                0x08002c38                HAL_GPIO_WritePin
 *fill*         0x08002c6a        0x2 
 .text.HAL_RCC_ClockConfig
                0x08002c6c      0x1cc ./Drivers/STM32F4xx_HAL_Driver/Src/stm32f4xx_hal_rcc.o
                0x08002c6c                HAL_RCC_ClockConfig
 .text.HAL_RCC_GetHCLKFreq
                0x08002e38       0x18 ./Drivers/STM32F4xx_HAL_Driver/Src/stm32f4xx_hal_rcc.o
                0x08002e38                HAL_RCC_GetHCLKFreq
 .text.HAL_RCC_GetPCLK1Freq
                0x08002e50       0x28 ./Drivers/STM32F4xx_HAL_Driver/Src/stm32f4xx_hal_rcc.o
                0x08002e50                HAL_RCC_GetPCLK1Freq
 .text.HAL_RCC_GetPCLK2Freq
                0x08002e78       0x28 ./Drivers/STM32F4xx_HAL_Driver/Src/stm32f4xx_hal_rcc.o
                0x08002e78                HAL_RCC_GetPCLK2Freq
 .text.HAL_RCC_GetClockConfig
                0x08002ea0       0x64 ./Drivers/STM32F4xx_HAL_Driver/Src/stm32f4xx_hal_rcc.o
                0x08002ea0                HAL_RCC_GetClockConfig
 .text.HAL_RCC_GetSysClockFreq
                0x08002f04      0x354 ./Drivers/STM32F4xx_HAL_Driver/Src/stm32f4xx_hal_rcc_ex.o
                0x08002f04                HAL_RCC_GetSysClockFreq
 .text.HAL_RCC_OscConfig
                0x08003258      0x53c ./Drivers/STM32F4xx_HAL_Driver/Src/stm32f4xx_hal_rcc_ex.o
                0x08003258                HAL_RCC_OscConfig
 .text.HAL_SPI_Init
                0x08003794      0x112 ./Drivers/STM32F4xx_HAL_Driver/Src/stm32f4xx_hal_spi.o
                0x08003794                HAL_SPI_Init
 .text.HAL_SPI_Transmit
                0x080038a6      0x288 ./Drivers/STM32F4xx_HAL_Driver/Src/stm32f4xx_hal_spi.o
                0x080038a6                HAL_SPI_Transmit
 .text.HAL_SPI_TransmitReceive
                0x08003b2e      0x352 ./Drivers/STM32F4xx_HAL_Driver/Src/stm32f4xx_hal_spi.o
                0x08003b2e                HAL_SPI_TransmitReceive
 .text.SPI_WaitFlagStateUntilTimeout
                0x08003e80      0x110 ./Drivers/STM32F4xx_HAL_Driver/Src/stm32f4xx_hal_spi.o
 .text.SPI_EndRxTxTransaction
                0x08003f90       0xa8 ./Drivers/STM32F4xx_HAL_Driver/Src/stm32f4xx_hal_spi.o
 .text.HAL_TIM_Base_Init
                0x08004038       0x9e ./Drivers/STM32F4xx_HAL_Driver/Src/stm32f4xx_hal_tim.o
                0x08004038                HAL_TIM_Base_Init
 .text.HAL_TIM_Base_MspInit
                0x080040d6       0x14 ./Drivers/STM32F4xx_HAL_Driver/Src/stm32f4xx_hal_tim.o
                0x080040d6                HAL_TIM_Base_MspInit
 *fill*         0x080040ea        0x2 
 .text.HAL_TIM_Base_Start_IT
                0x080040ec       0xe0 ./Drivers/STM32F4xx_HAL_Driver/Src/stm32f4xx_hal_tim.o
                0x080040ec                HAL_TIM_Base_Start_IT
 .text.HAL_TIM_PWM_Init
                0x080041cc       0x9e ./Drivers/STM32F4xx_HAL_Driver/Src/stm32f4xx_hal_tim.o
                0x080041cc                HAL_TIM_PWM_Init
 .text.HAL_TIM_IRQHandler
                0x0800426a      0x1e0 ./Drivers/STM32F4xx_HAL_Driver/Src/stm32f4xx_hal_tim.o
                0x0800426a                HAL_TIM_IRQHandler
 *fill*         0x0800444a        0x2 
 .text.HAL_TIM_PWM_ConfigChannel
                0x0800444c      0x184 ./Drivers/STM32F4xx_HAL_Driver/Src/stm32f4xx_hal_tim.o
                0x0800444c                HAL_TIM_PWM_ConfigChannel
 .text.HAL_TIM_OC_DelayElapsedCallback
                0x080045d0       0x14 ./Drivers/STM32F4xx_HAL_Driver/Src/stm32f4xx_hal_tim.o
                0x080045d0                HAL_TIM_OC_DelayElapsedCallback
 .text.HAL_TIM_IC_CaptureCallback
                0x080045e4       0x14 ./Drivers/STM32F4xx_HAL_Driver/Src/stm32f4xx_hal_tim.o
                0x080045e4                HAL_TIM_IC_CaptureCallback
 .text.HAL_TIM_PWM_PulseFinishedCallback
                0x080045f8       0x14 ./Drivers/STM32F4xx_HAL_Driver/Src/stm32f4xx_hal_tim.o
                0x080045f8                HAL_TIM_PWM_PulseFinishedCallback
 .text.HAL_TIM_TriggerCallback
                0x0800460c       0x14 ./Drivers/STM32F4xx_HAL_Driver/Src/stm32f4xx_hal_tim.o
                0x0800460c                HAL_TIM_TriggerCallback
 .text.TIM_Base_SetConfig
                0x08004620      0x158 ./Drivers/STM32F4xx_HAL_Driver/Src/stm32f4xx_hal_tim.o
                0x08004620                TIM_Base_SetConfig
 .text.TIM_OC1_SetConfig
                0x08004778       0xe0 ./Drivers/STM32F4xx_HAL_Driver/Src/stm32f4xx_hal_tim.o
 .text.TIM_OC2_SetConfig
                0x08004858       0xec ./Drivers/STM32F4xx_HAL_Driver/Src/stm32f4xx_hal_tim.o
                0x08004858                TIM_OC2_SetConfig
 .text.TIM_OC3_SetConfig
                0x08004944       0xe8 ./Drivers/STM32F4xx_HAL_Driver/Src/stm32f4xx_hal_tim.o
 .text.TIM_OC4_SetConfig
                0x08004a2c       0xac ./Drivers/STM32F4xx_HAL_Driver/Src/stm32f4xx_hal_tim.o
 .text.HAL_TIMEx_MasterConfigSynchronization
                0x08004ad8       0xf8 ./Drivers/STM32F4xx_HAL_Driver/Src/stm32f4xx_hal_tim_ex.o
                0x08004ad8                HAL_TIMEx_MasterConfigSynchronization
 .text.HAL_TIMEx_ConfigBreakDeadTime
                0x08004bd0       0xa4 ./Drivers/STM32F4xx_HAL_Driver/Src/stm32f4xx_hal_tim_ex.o
                0x08004bd0                HAL_TIMEx_ConfigBreakDeadTime
 .text.HAL_TIMEx_CommutCallback
                0x08004c74       0x14 ./Drivers/STM32F4xx_HAL_Driver/Src/stm32f4xx_hal_tim_ex.o
                0x08004c74                HAL_TIMEx_CommutCallback
 .text.HAL_TIMEx_BreakCallback
                0x08004c88       0x14 ./Drivers/STM32F4xx_HAL_Driver/Src/stm32f4xx_hal_tim_ex.o
                0x08004c88                HAL_TIMEx_BreakCallback
 .text.HAL_UART_Init
                0x08004c9c       0xa0 ./Drivers/STM32F4xx_HAL_Driver/Src/stm32f4xx_hal_uart.o
                0x08004c9c                HAL_UART_Init
 .text.HAL_UART_Transmit
                0x08004d3c      0x116 ./Drivers/STM32F4xx_HAL_Driver/Src/stm32f4xx_hal_uart.o
                0x08004d3c                HAL_UART_Transmit
 .text.UART_WaitOnFlagUntilTimeout
                0x08004e52       0xb2 ./Drivers/STM32F4xx_HAL_Driver/Src/stm32f4xx_hal_uart.o
 .text.UART_EndRxTransfer
                0x08004f04       0xc6 ./Drivers/STM32F4xx_HAL_Driver/Src/stm32f4xx_hal_uart.o
 *fill*         0x08004fca        0x2 
 .text.UART_SetConfig
                0x08004fcc      0x4e8 ./Drivers/STM32F4xx_HAL_Driver/Src/stm32f4xx_hal_uart.o
 .text.MX_FATFS_Init
                0x080054b4       0x24 ./FATFS/App/fatfs.o
                0x080054b4                MX_FATFS_Init
 .text.get_fattime
                0x080054d8       0x10 ./FATFS/App/fatfs.o
                0x080054d8                get_fattime
 .text.USER_initialize
                0x080054e8       0x1c ./FATFS/Target/user_diskio.o
                0x080054e8                USER_initialize
 .text.USER_status
                0x08005504       0x1c ./FATFS/Target/user_diskio.o
                0x08005504                USER_status
 .text.USER_read
                0x08005520       0x26 ./FATFS/Target/user_diskio.o
                0x08005520                USER_read
 .text.USER_write
                0x08005546       0x26 ./FATFS/Target/user_diskio.o
                0x08005546                USER_write
 .text.USER_ioctl
                0x0800556c       0x26 ./FATFS/Target/user_diskio.o
                0x0800556c                USER_ioctl
 *fill*         0x08005592        0x2 
 .text.SPI_Timer_On
                0x08005594       0x28 ./FATFS/Target/user_diskio_spi.o
                0x08005594                SPI_Timer_On
 .text.SPI_Timer_Status
                0x080055bc       0x2c ./FATFS/Target/user_diskio_spi.o
                0x080055bc                SPI_Timer_Status
 .text.xchg_spi
                0x080055e8       0x2c ./FATFS/Target/user_diskio_spi.o
 .text.rcvr_spi_multi
                0x08005614       0x38 ./FATFS/Target/user_diskio_spi.o
 .text.xmit_spi_multi
                0x0800564c       0x28 ./FATFS/Target/user_diskio_spi.o
 .text.wait_ready
                0x08005674       0x46 ./FATFS/Target/user_diskio_spi.o
 *fill*         0x080056ba        0x2 
 .text.despiselect
                0x080056bc       0x1c ./FATFS/Target/user_diskio_spi.o
 .text.spiselect
                0x080056d8       0x34 ./FATFS/Target/user_diskio_spi.o
 .text.rcvr_datablock
                0x0800570c       0x52 ./FATFS/Target/user_diskio_spi.o
 .text.xmit_datablock
                0x0800575e       0x64 ./FATFS/Target/user_diskio_spi.o
 .text.send_cmd
                0x080057c2       0xde ./FATFS/Target/user_diskio_spi.o
 .text.USER_SPI_initialize
                0x080058a0      0x1d8 ./FATFS/Target/user_diskio_spi.o
                0x080058a0                USER_SPI_initialize
 .text.USER_SPI_status
                0x08005a78       0x2c ./FATFS/Target/user_diskio_spi.o
                0x08005a78                USER_SPI_status
 .text.USER_SPI_read
                0x08005aa4       0xcc ./FATFS/Target/user_diskio_spi.o
                0x08005aa4                USER_SPI_read
 .text.USER_SPI_write
                0x08005b70       0xf8 ./FATFS/Target/user_diskio_spi.o
                0x08005b70                USER_SPI_write
 .text.USER_SPI_ioctl
                0x08005c68      0x2e0 ./FATFS/Target/user_diskio_spi.o
                0x08005c68                USER_SPI_ioctl
 .text.disk_status
                0x08005f48       0x34 ./Middlewares/Third_Party/FatFs/src/diskio.o
                0x08005f48                disk_status
 .text.disk_initialize
                0x08005f7c       0x50 ./Middlewares/Third_Party/FatFs/src/diskio.o
                0x08005f7c                disk_initialize
 .text.disk_read
                0x08005fcc       0x40 ./Middlewares/Third_Party/FatFs/src/diskio.o
                0x08005fcc                disk_read
 .text.disk_write
                0x0800600c       0x40 ./Middlewares/Third_Party/FatFs/src/diskio.o
                0x0800600c                disk_write
 .text.ld_word  0x0800604c       0x30 ./Middlewares/Third_Party/FatFs/src/ff.o
 .text.ld_dword
                0x0800607c       0x46 ./Middlewares/Third_Party/FatFs/src/ff.o
 .text.st_word  0x080060c2       0x36 ./Middlewares/Third_Party/FatFs/src/ff.o
 .text.st_dword
                0x080060f8       0x58 ./Middlewares/Third_Party/FatFs/src/ff.o
 .text.mem_cpy  0x08006150       0x42 ./Middlewares/Third_Party/FatFs/src/ff.o
 .text.mem_set  0x08006192       0x36 ./Middlewares/Third_Party/FatFs/src/ff.o
 .text.mem_cmp  0x080061c8       0x4e ./Middlewares/Third_Party/FatFs/src/ff.o
 .text.chk_chr  0x08006216       0x36 ./Middlewares/Third_Party/FatFs/src/ff.o
 .text.lock_fs  0x0800624c       0x2c ./Middlewares/Third_Party/FatFs/src/ff.o
 .text.unlock_fs
                0x08006278       0x36 ./Middlewares/Third_Party/FatFs/src/ff.o
 *fill*         0x080062ae        0x2 
 .text.chk_lock
                0x080062b0       0xb8 ./Middlewares/Third_Party/FatFs/src/ff.o
 .text.enq_lock
                0x08006368       0x44 ./Middlewares/Third_Party/FatFs/src/ff.o
 .text.inc_lock
                0x080063ac      0x11c ./Middlewares/Third_Party/FatFs/src/ff.o
 .text.clear_lock
                0x080064c8       0x48 ./Middlewares/Third_Party/FatFs/src/ff.o
 .text.sync_window
                0x08006510       0x88 ./Middlewares/Third_Party/FatFs/src/ff.o
 .text.move_window
                0x08006598       0x5a ./Middlewares/Third_Party/FatFs/src/ff.o
 .text.clust2sect
                0x080065f2       0x3e ./Middlewares/Third_Party/FatFs/src/ff.o
 .text.get_fat  0x08006630      0x14e ./Middlewares/Third_Party/FatFs/src/ff.o
 .text.put_fat  0x0800677e      0x1d4 ./Middlewares/Third_Party/FatFs/src/ff.o
 .text.remove_chain
                0x08006952       0xca ./Middlewares/Third_Party/FatFs/src/ff.o
 .text.create_chain
                0x08006a1c      0x130 ./Middlewares/Third_Party/FatFs/src/ff.o
 .text.clmt_clust
                0x08006b4c       0x68 ./Middlewares/Third_Party/FatFs/src/ff.o
 .text.dir_sdi  0x08006bb4       0xf6 ./Middlewares/Third_Party/FatFs/src/ff.o
 .text.dir_next
                0x08006caa      0x18a ./Middlewares/Third_Party/FatFs/src/ff.o
 .text.dir_alloc
                0x08006e34       0x8e ./Middlewares/Third_Party/FatFs/src/ff.o
 .text.ld_clust
                0x08006ec2       0x3e ./Middlewares/Third_Party/FatFs/src/ff.o
 .text.st_clust
                0x08006f00       0x40 ./Middlewares/Third_Party/FatFs/src/ff.o
 .text.dir_find
                0x08006f40       0xaa ./Middlewares/Third_Party/FatFs/src/ff.o
 .text.dir_register
                0x08006fea       0x64 ./Middlewares/Third_Party/FatFs/src/ff.o
 *fill*         0x0800704e        0x2 
 .text.create_name
                0x08007050      0x128 ./Middlewares/Third_Party/FatFs/src/ff.o
 .text.follow_path
                0x08007178       0xe2 ./Middlewares/Third_Party/FatFs/src/ff.o
 .text.get_ldnumber
                0x0800725a       0x88 ./Middlewares/Third_Party/FatFs/src/ff.o
 *fill*         0x080072e2        0x2 
 .text.check_fs
                0x080072e4       0xac ./Middlewares/Third_Party/FatFs/src/ff.o
 .text.find_volume
                0x08007390      0x4a8 ./Middlewares/Third_Party/FatFs/src/ff.o
 .text.validate
                0x08007838       0x8e ./Middlewares/Third_Party/FatFs/src/ff.o
 *fill*         0x080078c6        0x2 
 .text.f_mount  0x080078c8       0xc8 ./Middlewares/Third_Party/FatFs/src/ff.o
                0x080078c8                f_mount
 .text.f_open   0x08007990      0x382 ./Middlewares/Third_Party/FatFs/src/ff.o
                0x08007990                f_open
 .text.f_read   0x08007d12      0x2dc ./Middlewares/Third_Party/FatFs/src/ff.o
                0x08007d12                f_read
 .text.f_lseek  0x08007fee      0x4a6 ./Middlewares/Third_Party/FatFs/src/ff.o
                0x08007fee                f_lseek
 .text.FATFS_LinkDriverEx
                0x08008494       0x98 ./Middlewares/Third_Party/FatFs/src/ff_gen_drv.o
                0x08008494                FATFS_LinkDriverEx
 .text.FATFS_LinkDriver
                0x0800852c       0x1e ./Middlewares/Third_Party/FatFs/src/ff_gen_drv.o
                0x0800852c                FATFS_LinkDriver
 .text.ff_cre_syncobj
                0x0800854a       0x40 ./Middlewares/Third_Party/FatFs/src/option/syscall.o
                0x0800854a                ff_cre_syncobj
 .text.ff_del_syncobj
                0x0800858a       0x18 ./Middlewares/Third_Party/FatFs/src/option/syscall.o
                0x0800858a                ff_del_syncobj
 .text.ff_req_grant
                0x080085a2       0x2a ./Middlewares/Third_Party/FatFs/src/option/syscall.o
                0x080085a2                ff_req_grant
 .text.ff_rel_grant
                0x080085cc       0x16 ./Middlewares/Third_Party/FatFs/src/option/syscall.o
                0x080085cc                ff_rel_grant
 .text.makeFreeRtosPriority
                0x080085e2       0x30 ./Middlewares/Third_Party/FreeRTOS/Source/CMSIS_RTOS/cmsis_os.o
 .text.inHandlerMode
                0x08008612       0x24 ./Middlewares/Third_Party/FreeRTOS/Source/CMSIS_RTOS/cmsis_os.o
 .text.osKernelStart
                0x08008636        0xe ./Middlewares/Third_Party/FreeRTOS/Source/CMSIS_RTOS/cmsis_os.o
                0x08008636                osKernelStart
 .text.osThreadCreate
                0x08008644       0x98 ./Middlewares/Third_Party/FreeRTOS/Source/CMSIS_RTOS/cmsis_os.o
                0x08008644                osThreadCreate
 .text.osDelay  0x080086dc       0x28 ./Middlewares/Third_Party/FreeRTOS/Source/CMSIS_RTOS/cmsis_os.o
                0x080086dc                osDelay
 .text.osMutexCreate
                0x08008704       0x30 ./Middlewares/Third_Party/FreeRTOS/Source/CMSIS_RTOS/cmsis_os.o
                0x08008704                osMutexCreate
 .text.osMutexWait
                0x08008734       0x9c ./Middlewares/Third_Party/FreeRTOS/Source/CMSIS_RTOS/cmsis_os.o
                0x08008734                osMutexWait
 .text.osMutexRelease
                0x080087d0       0x6c ./Middlewares/Third_Party/FreeRTOS/Source/CMSIS_RTOS/cmsis_os.o
                0x080087d0                osMutexRelease
 .text.osSemaphoreCreate
                0x0800883c       0x64 ./Middlewares/Third_Party/FreeRTOS/Source/CMSIS_RTOS/cmsis_os.o
                0x0800883c                osSemaphoreCreate
 .text.osSemaphoreWait
                0x080088a0       0x9c ./Middlewares/Third_Party/FreeRTOS/Source/CMSIS_RTOS/cmsis_os.o
                0x080088a0                osSemaphoreWait
 .text.osSemaphoreRelease
                0x0800893c       0x6c ./Middlewares/Third_Party/FreeRTOS/Source/CMSIS_RTOS/cmsis_os.o
                0x0800893c                osSemaphoreRelease
 .text.osSemaphoreDelete
                0x080089a8       0x26 ./Middlewares/Third_Party/FreeRTOS/Source/CMSIS_RTOS/cmsis_os.o
                0x080089a8                osSemaphoreDelete
 .text.osMessageCreate
                0x080089ce       0x50 ./Middlewares/Third_Party/FreeRTOS/Source/CMSIS_RTOS/cmsis_os.o
                0x080089ce                osMessageCreate
 *fill*         0x08008a1e        0x2 
 .text.osMessagePut
                0x08008a20       0x80 ./Middlewares/Third_Party/FreeRTOS/Source/CMSIS_RTOS/cmsis_os.o
                0x08008a20                osMessagePut
 .text.osMessageGet
                0x08008aa0       0xe8 ./Middlewares/Third_Party/FreeRTOS/Source/CMSIS_RTOS/cmsis_os.o
                0x08008aa0                osMessageGet
 .text.vListInitialise
                0x08008b88       0x40 ./Middlewares/Third_Party/FreeRTOS/Source/list.o
                0x08008b88                vListInitialise
 .text.vListInitialiseItem
                0x08008bc8       0x1a ./Middlewares/Third_Party/FreeRTOS/Source/list.o
                0x08008bc8                vListInitialiseItem
 .text.vListInsertEnd
                0x08008be2       0x48 ./Middlewares/Third_Party/FreeRTOS/Source/list.o
                0x08008be2                vListInsertEnd
 .text.vListInsert
                0x08008c2a       0x72 ./Middlewares/Third_Party/FreeRTOS/Source/list.o
                0x08008c2a                vListInsert
 .text.uxListRemove
                0x08008c9c       0x54 ./Middlewares/Third_Party/FreeRTOS/Source/list.o
                0x08008c9c                uxListRemove
 .text.xQueueGenericReset
                0x08008cf0       0xd4 ./Middlewares/Third_Party/FreeRTOS/Source/queue.o
                0x08008cf0                xQueueGenericReset
 .text.xQueueGenericCreateStatic
                0x08008dc4       0xfa ./Middlewares/Third_Party/FreeRTOS/Source/queue.o
                0x08008dc4                xQueueGenericCreateStatic
 .text.xQueueGenericCreate
                0x08008ebe       0x76 ./Middlewares/Third_Party/FreeRTOS/Source/queue.o
                0x08008ebe                xQueueGenericCreate
 .text.prvInitialiseNewQueue
                0x08008f34       0x3e ./Middlewares/Third_Party/FreeRTOS/Source/queue.o
 .text.prvInitialiseMutex
                0x08008f72       0x34 ./Middlewares/Third_Party/FreeRTOS/Source/queue.o
 .text.xQueueCreateMutex
                0x08008fa6       0x30 ./Middlewares/Third_Party/FreeRTOS/Source/queue.o
                0x08008fa6                xQueueCreateMutex
 .text.xQueueCreateMutexStatic
                0x08008fd6       0x36 ./Middlewares/Third_Party/FreeRTOS/Source/queue.o
                0x08008fd6                xQueueCreateMutexStatic
 .text.xQueueGenericSend
                0x0800900c      0x204 ./Middlewares/Third_Party/FreeRTOS/Source/queue.o
                0x0800900c                xQueueGenericSend
 .text.xQueueGenericSendFromISR
                0x08009210      0x13c ./Middlewares/Third_Party/FreeRTOS/Source/queue.o
                0x08009210                xQueueGenericSendFromISR
 .text.xQueueGiveFromISR
                0x0800934c      0x120 ./Middlewares/Third_Party/FreeRTOS/Source/queue.o
                0x0800934c                xQueueGiveFromISR
 .text.xQueueReceive
                0x0800946c      0x1c4 ./Middlewares/Third_Party/FreeRTOS/Source/queue.o
                0x0800946c                xQueueReceive
 .text.xQueueSemaphoreTake
                0x08009630      0x220 ./Middlewares/Third_Party/FreeRTOS/Source/queue.o
                0x08009630                xQueueSemaphoreTake
 .text.xQueueReceiveFromISR
                0x08009850      0x104 ./Middlewares/Third_Party/FreeRTOS/Source/queue.o
                0x08009850                xQueueReceiveFromISR
 .text.vQueueDelete
                0x08009954       0x48 ./Middlewares/Third_Party/FreeRTOS/Source/queue.o
                0x08009954                vQueueDelete
 .text.prvGetDisinheritPriorityAfterTimeout
                0x0800999c       0x30 ./Middlewares/Third_Party/FreeRTOS/Source/queue.o
 .text.prvCopyDataToQueue
                0x080099cc       0xd4 ./Middlewares/Third_Party/FreeRTOS/Source/queue.o
 .text.prvCopyDataFromQueue
                0x08009aa0       0x4c ./Middlewares/Third_Party/FreeRTOS/Source/queue.o
 .text.prvUnlockQueue
                0x08009aec       0xa4 ./Middlewares/Third_Party/FreeRTOS/Source/queue.o
 .text.prvIsQueueEmpty
                0x08009b90       0x2c ./Middlewares/Third_Party/FreeRTOS/Source/queue.o
 .text.prvIsQueueFull
                0x08009bbc       0x30 ./Middlewares/Third_Party/FreeRTOS/Source/queue.o
 .text.vQueueUnregisterQueue
                0x08009bec       0x54 ./Middlewares/Third_Party/FreeRTOS/Source/queue.o
                0x08009bec                vQueueUnregisterQueue
 .text.xTaskCreateStatic
                0x08009c40       0xc0 ./Middlewares/Third_Party/FreeRTOS/Source/tasks.o
                0x08009c40                xTaskCreateStatic
 .text.xTaskCreate
                0x08009d00       0x8a ./Middlewares/Third_Party/FreeRTOS/Source/tasks.o
                0x08009d00                xTaskCreate
 .text.prvInitialiseNewTask
                0x08009d8a      0x110 ./Middlewares/Third_Party/FreeRTOS/Source/tasks.o
 *fill*         0x08009e9a        0x2 
 .text.prvAddNewTaskToReadyList
                0x08009e9c       0xd4 ./Middlewares/Third_Party/FreeRTOS/Source/tasks.o
 .text.vTaskDelay
                0x08009f70       0x6c ./Middlewares/Third_Party/FreeRTOS/Source/tasks.o
                0x08009f70                vTaskDelay
 .text.vTaskStartScheduler
                0x08009fdc       0xc4 ./Middlewares/Third_Party/FreeRTOS/Source/tasks.o
                0x08009fdc                vTaskStartScheduler
 .text.vTaskSuspendAll
                0x0800a0a0       0x1c ./Middlewares/Third_Party/FreeRTOS/Source/tasks.o
                0x0800a0a0                vTaskSuspendAll
 .text.xTaskResumeAll
                0x0800a0bc      0x13c ./Middlewares/Third_Party/FreeRTOS/Source/tasks.o
                0x0800a0bc                xTaskResumeAll
 .text.xTaskIncrementTick
                0x0800a1f8      0x174 ./Middlewares/Third_Party/FreeRTOS/Source/tasks.o
                0x0800a1f8                xTaskIncrementTick
 .text.vTaskSwitchContext
                0x0800a36c       0xb8 ./Middlewares/Third_Party/FreeRTOS/Source/tasks.o
                0x0800a36c                vTaskSwitchContext
 .text.vTaskPlaceOnEventList
                0x0800a424       0x4c ./Middlewares/Third_Party/FreeRTOS/Source/tasks.o
                0x0800a424                vTaskPlaceOnEventList
 .text.xTaskRemoveFromEventList
                0x0800a470       0xc8 ./Middlewares/Third_Party/FreeRTOS/Source/tasks.o
                0x0800a470                xTaskRemoveFromEventList
 .text.vTaskInternalSetTimeOutState
                0x0800a538       0x2c ./Middlewares/Third_Party/FreeRTOS/Source/tasks.o
                0x0800a538                vTaskInternalSetTimeOutState
 .text.xTaskCheckForTimeOut
                0x0800a564       0xc8 ./Middlewares/Third_Party/FreeRTOS/Source/tasks.o
                0x0800a564                xTaskCheckForTimeOut
 .text.vTaskMissedYield
                0x0800a62c       0x18 ./Middlewares/Third_Party/FreeRTOS/Source/tasks.o
                0x0800a62c                vTaskMissedYield
 .text.prvIdleTask
                0x0800a644       0x30 ./Middlewares/Third_Party/FreeRTOS/Source/tasks.o
 .text.prvInitialiseTaskLists
                0x0800a674       0x80 ./Middlewares/Third_Party/FreeRTOS/Source/tasks.o
 .text.prvCheckTasksWaitingTermination
                0x0800a6f4       0x5c ./Middlewares/Third_Party/FreeRTOS/Source/tasks.o
 .text.prvDeleteTCB
                0x0800a750       0x60 ./Middlewares/Third_Party/FreeRTOS/Source/tasks.o
 .text.prvResetNextTaskUnblockTime
                0x0800a7b0       0x40 ./Middlewares/Third_Party/FreeRTOS/Source/tasks.o
 .text.xTaskGetSchedulerState
                0x0800a7f0       0x3c ./Middlewares/Third_Party/FreeRTOS/Source/tasks.o
                0x0800a7f0                xTaskGetSchedulerState
 .text.xTaskPriorityInherit
                0x0800a82c       0xec ./Middlewares/Third_Party/FreeRTOS/Source/tasks.o
                0x0800a82c                xTaskPriorityInherit
 .text.xTaskPriorityDisinherit
                0x0800a918      0x110 ./Middlewares/Third_Party/FreeRTOS/Source/tasks.o
                0x0800a918                xTaskPriorityDisinherit
 .text.vTaskPriorityDisinheritAfterTimeout
                0x0800aa28      0x120 ./Middlewares/Third_Party/FreeRTOS/Source/tasks.o
                0x0800aa28                vTaskPriorityDisinheritAfterTimeout
 .text.pvTaskIncrementMutexHeldCount
                0x0800ab48       0x28 ./Middlewares/Third_Party/FreeRTOS/Source/tasks.o
                0x0800ab48                pvTaskIncrementMutexHeldCount
 .text.prvAddCurrentTaskToDelayedList
                0x0800ab70       0xcc ./Middlewares/Third_Party/FreeRTOS/Source/tasks.o
 .text.pxPortInitialiseStack
                0x0800ac3c       0x68 ./Middlewares/Third_Party/FreeRTOS/Source/portable/GCC/ARM_CM4F/port.o
                0x0800ac3c                pxPortInitialiseStack
 .text.prvTaskExitError
                0x0800aca4       0x5c ./Middlewares/Third_Party/FreeRTOS/Source/portable/GCC/ARM_CM4F/port.o
 .text.SVC_Handler
                0x0800ad00       0x28 ./Middlewares/Third_Party/FreeRTOS/Source/portable/GCC/ARM_CM4F/port.o
                0x0800ad00                SVC_Handler
 .text.prvPortStartFirstTask
                0x0800ad28       0x28 ./Middlewares/Third_Party/FreeRTOS/Source/portable/GCC/ARM_CM4F/port.o
 .text.xPortStartScheduler
                0x0800ad50      0x148 ./Middlewares/Third_Party/FreeRTOS/Source/portable/GCC/ARM_CM4F/port.o
                0x0800ad50                xPortStartScheduler
 .text.vPortEnterCritical
                0x0800ae98       0x64 ./Middlewares/Third_Party/FreeRTOS/Source/portable/GCC/ARM_CM4F/port.o
                0x0800ae98                vPortEnterCritical
 .text.vPortExitCritical
                0x0800aefc       0x54 ./Middlewares/Third_Party/FreeRTOS/Source/portable/GCC/ARM_CM4F/port.o
                0x0800aefc                vPortExitCritical
 .text.PendSV_Handler
                0x0800af50       0x68 ./Middlewares/Third_Party/FreeRTOS/Source/portable/GCC/ARM_CM4F/port.o
                0x0800af50                PendSV_Handler
 .text.SysTick_Handler
                0x0800afb8       0x44 ./Middlewares/Third_Party/FreeRTOS/Source/portable/GCC/ARM_CM4F/port.o
                0x0800afb8                SysTick_Handler
 .text.vPortSetupTimerInterrupt
                0x0800affc       0x48 ./Middlewares/Third_Party/FreeRTOS/Source/portable/GCC/ARM_CM4F/port.o
                0x0800affc                vPortSetupTimerInterrupt
 .text.vPortEnableVFP
                0x0800b044       0x14 ./Middlewares/Third_Party/FreeRTOS/Source/portable/GCC/ARM_CM4F/port.o
 .text.vPortValidateInterruptPriority
                0x0800b058       0x84 ./Middlewares/Third_Party/FreeRTOS/Source/portable/GCC/ARM_CM4F/port.o
                0x0800b058                vPortValidateInterruptPriority
 .text.pvPortMalloc
                0x0800b0dc      0x19c ./Middlewares/Third_Party/FreeRTOS/Source/portable/MemMang/heap_4.o
                0x0800b0dc                pvPortMalloc
 .text.vPortFree
                0x0800b278       0xc8 ./Middlewares/Third_Party/FreeRTOS/Source/portable/MemMang/heap_4.o
                0x0800b278                vPortFree
 .text.prvHeapInit
                0x0800b340       0xc4 ./Middlewares/Third_Party/FreeRTOS/Source/portable/MemMang/heap_4.o
 .text.prvInsertBlockIntoFreeList
                0x0800b404       0xb4 ./Middlewares/Third_Party/FreeRTOS/Source/portable/MemMang/heap_4.o
 .text.abort    0x0800b4b8        0xe C:/ST/STM32CubeIDE_1.16.1/STM32CubeIDE/plugins/com.st.stm32cube.ide.mcu.externaltools.gnu-tools-for-stm32.12.3.rel1.win32_1.0.200.202406191623/tools/bin/../lib/gcc/arm-none-eabi/12.3.1/../../../../arm-none-eabi/lib/thumb/v7e-m+fp/hard\libc_nano.a(libc_a-abort.o)
                0x0800b4b8                abort
 *fill*         0x0800b4c6        0x2 
 .text.malloc   0x0800b4c8       0x10 C:/ST/STM32CubeIDE_1.16.1/STM32CubeIDE/plugins/com.st.stm32cube.ide.mcu.externaltools.gnu-tools-for-stm32.12.3.rel1.win32_1.0.200.202406191623/tools/bin/../lib/gcc/arm-none-eabi/12.3.1/../../../../arm-none-eabi/lib/thumb/v7e-m+fp/hard\libc_nano.a(libc_a-malloc.o)
                0x0800b4c8                malloc
 .text.free     0x0800b4d8       0x10 C:/ST/STM32CubeIDE_1.16.1/STM32CubeIDE/plugins/com.st.stm32cube.ide.mcu.externaltools.gnu-tools-for-stm32.12.3.rel1.win32_1.0.200.202406191623/tools/bin/../lib/gcc/arm-none-eabi/12.3.1/../../../../arm-none-eabi/lib/thumb/v7e-m+fp/hard\libc_nano.a(libc_a-malloc.o)
                0x0800b4d8                free
 .text.sbrk_aligned
                0x0800b4e8       0x44 C:/ST/STM32CubeIDE_1.16.1/STM32CubeIDE/plugins/com.st.stm32cube.ide.mcu.externaltools.gnu-tools-for-stm32.12.3.rel1.win32_1.0.200.202406191623/tools/bin/../lib/gcc/arm-none-eabi/12.3.1/../../../../arm-none-eabi/lib/thumb/v7e-m+fp/hard\libc_nano.a(libc_a-mallocr.o)
 .text._malloc_r
                0x0800b52c      0x100 C:/ST/STM32CubeIDE_1.16.1/STM32CubeIDE/plugins/com.st.stm32cube.ide.mcu.externaltools.gnu-tools-for-stm32.12.3.rel1.win32_1.0.200.202406191623/tools/bin/../lib/gcc/arm-none-eabi/12.3.1/../../../../arm-none-eabi/lib/thumb/v7e-m+fp/hard\libc_nano.a(libc_a-mallocr.o)
                0x0800b52c                _malloc_r
 .text.__malloc_lock
                0x0800b62c        0xc C:/ST/STM32CubeIDE_1.16.1/STM32CubeIDE/plugins/com.st.stm32cube.ide.mcu.externaltools.gnu-tools-for-stm32.12.3.rel1.win32_1.0.200.202406191623/tools/bin/../lib/gcc/arm-none-eabi/12.3.1/../../../../arm-none-eabi/lib/thumb/v7e-m+fp/hard\libc_nano.a(libc_a-mlock.o)
                0x0800b62c                __malloc_lock
 .text.__malloc_unlock
                0x0800b638        0xc C:/ST/STM32CubeIDE_1.16.1/STM32CubeIDE/plugins/com.st.stm32cube.ide.mcu.externaltools.gnu-tools-for-stm32.12.3.rel1.win32_1.0.200.202406191623/tools/bin/../lib/gcc/arm-none-eabi/12.3.1/../../../../arm-none-eabi/lib/thumb/v7e-m+fp/hard\libc_nano.a(libc_a-mlock.o)
                0x0800b638                __malloc_unlock
 .text._vsnprintf_r
                0x0800b644       0x56 C:/ST/STM32CubeIDE_1.16.1/STM32CubeIDE/plugins/com.st.stm32cube.ide.mcu.externaltools.gnu-tools-for-stm32.12.3.rel1.win32_1.0.200.202406191623/tools/bin/../lib/gcc/arm-none-eabi/12.3.1/../../../../arm-none-eabi/lib/thumb/v7e-m+fp/hard\libc_nano.a(libc_a-vsnprintf.o)
                0x0800b644                _vsniprintf_r
                0x0800b644                _vsnprintf_r
 *fill*         0x0800b69a        0x2 
 .text.vsnprintf
                0x0800b69c       0x1c C:/ST/STM32CubeIDE_1.16.1/STM32CubeIDE/plugins/com.st.stm32cube.ide.mcu.externaltools.gnu-tools-for-stm32.12.3.rel1.win32_1.0.200.202406191623/tools/bin/../lib/gcc/arm-none-eabi/12.3.1/../../../../arm-none-eabi/lib/thumb/v7e-m+fp/hard\libc_nano.a(libc_a-vsnprintf.o)
                0x0800b69c                vsniprintf
                0x0800b69c                vsnprintf
 .text.memset   0x0800b6b8       0x10 C:/ST/STM32CubeIDE_1.16.1/STM32CubeIDE/plugins/com.st.stm32cube.ide.mcu.externaltools.gnu-tools-for-stm32.12.3.rel1.win32_1.0.200.202406191623/tools/bin/../lib/gcc/arm-none-eabi/12.3.1/../../../../arm-none-eabi/lib/thumb/v7e-m+fp/hard\libc_nano.a(libc_a-memset.o)
                0x0800b6b8                memset
 .text._raise_r
                0x0800b6c8       0x50 C:/ST/STM32CubeIDE_1.16.1/STM32CubeIDE/plugins/com.st.stm32cube.ide.mcu.externaltools.gnu-tools-for-stm32.12.3.rel1.win32_1.0.200.202406191623/tools/bin/../lib/gcc/arm-none-eabi/12.3.1/../../../../arm-none-eabi/lib/thumb/v7e-m+fp/hard\libc_nano.a(libc_a-signal.o)
                0x0800b6c8                _raise_r
 .text.raise    0x0800b718       0x10 C:/ST/STM32CubeIDE_1.16.1/STM32CubeIDE/plugins/com.st.stm32cube.ide.mcu.externaltools.gnu-tools-for-stm32.12.3.rel1.win32_1.0.200.202406191623/tools/bin/../lib/gcc/arm-none-eabi/12.3.1/../../../../arm-none-eabi/lib/thumb/v7e-m+fp/hard\libc_nano.a(libc_a-signal.o)
                0x0800b718                raise
 .text._kill_r  0x0800b728       0x24 C:/ST/STM32CubeIDE_1.16.1/STM32CubeIDE/plugins/com.st.stm32cube.ide.mcu.externaltools.gnu-tools-for-stm32.12.3.rel1.win32_1.0.200.202406191623/tools/bin/../lib/gcc/arm-none-eabi/12.3.1/../../../../arm-none-eabi/lib/thumb/v7e-m+fp/hard\libc_nano.a(libc_a-signalr.o)
                0x0800b728                _kill_r
 .text._getpid_r
                0x0800b74c        0x4 C:/ST/STM32CubeIDE_1.16.1/STM32CubeIDE/plugins/com.st.stm32cube.ide.mcu.externaltools.gnu-tools-for-stm32.12.3.rel1.win32_1.0.200.202406191623/tools/bin/../lib/gcc/arm-none-eabi/12.3.1/../../../../arm-none-eabi/lib/thumb/v7e-m+fp/hard\libc_nano.a(libc_a-signalr.o)
                0x0800b74c                _getpid_r
 .text._sbrk_r  0x0800b750       0x20 C:/ST/STM32CubeIDE_1.16.1/STM32CubeIDE/plugins/com.st.stm32cube.ide.mcu.externaltools.gnu-tools-for-stm32.12.3.rel1.win32_1.0.200.202406191623/tools/bin/../lib/gcc/arm-none-eabi/12.3.1/../../../../arm-none-eabi/lib/thumb/v7e-m+fp/hard\libc_nano.a(libc_a-sbrkr.o)
                0x0800b750                _sbrk_r
 .text.__errno  0x0800b770        0xc C:/ST/STM32CubeIDE_1.16.1/STM32CubeIDE/plugins/com.st.stm32cube.ide.mcu.externaltools.gnu-tools-for-stm32.12.3.rel1.win32_1.0.200.202406191623/tools/bin/../lib/gcc/arm-none-eabi/12.3.1/../../../../arm-none-eabi/lib/thumb/v7e-m+fp/hard\libc_nano.a(libc_a-errno.o)
                0x0800b770                __errno
 .text.__libc_init_array
                0x0800b77c       0x48 C:/ST/STM32CubeIDE_1.16.1/STM32CubeIDE/plugins/com.st.stm32cube.ide.mcu.externaltools.gnu-tools-for-stm32.12.3.rel1.win32_1.0.200.202406191623/tools/bin/../lib/gcc/arm-none-eabi/12.3.1/../../../../arm-none-eabi/lib/thumb/v7e-m+fp/hard\libc_nano.a(libc_a-init.o)
                0x0800b77c                __libc_init_array
 .text.__retarget_lock_acquire_recursive
                0x0800b7c4        0x2 C:/ST/STM32CubeIDE_1.16.1/STM32CubeIDE/plugins/com.st.stm32cube.ide.mcu.externaltools.gnu-tools-for-stm32.12.3.rel1.win32_1.0.200.202406191623/tools/bin/../lib/gcc/arm-none-eabi/12.3.1/../../../../arm-none-eabi/lib/thumb/v7e-m+fp/hard\libc_nano.a(libc_a-lock.o)
                0x0800b7c4                __retarget_lock_acquire_recursive
 .text.__retarget_lock_release_recursive
                0x0800b7c6        0x2 C:/ST/STM32CubeIDE_1.16.1/STM32CubeIDE/plugins/com.st.stm32cube.ide.mcu.externaltools.gnu-tools-for-stm32.12.3.rel1.win32_1.0.200.202406191623/tools/bin/../lib/gcc/arm-none-eabi/12.3.1/../../../../arm-none-eabi/lib/thumb/v7e-m+fp/hard\libc_nano.a(libc_a-lock.o)
                0x0800b7c6                __retarget_lock_release_recursive
 .text.memcpy   0x0800b7c8       0x1c C:/ST/STM32CubeIDE_1.16.1/STM32CubeIDE/plugins/com.st.stm32cube.ide.mcu.externaltools.gnu-tools-for-stm32.12.3.rel1.win32_1.0.200.202406191623/tools/bin/../lib/gcc/arm-none-eabi/12.3.1/../../../../arm-none-eabi/lib/thumb/v7e-m+fp/hard\libc_nano.a(libc_a-memcpy-stub.o)
                0x0800b7c8                memcpy
 .text._free_r  0x0800b7e4       0x94 C:/ST/STM32CubeIDE_1.16.1/STM32CubeIDE/plugins/com.st.stm32cube.ide.mcu.externaltools.gnu-tools-for-stm32.12.3.rel1.win32_1.0.200.202406191623/tools/bin/../lib/gcc/arm-none-eabi/12.3.1/../../../../arm-none-eabi/lib/thumb/v7e-m+fp/hard\libc_nano.a(libc_a-freer.o)
                0x0800b7e4                _free_r
 .text.__ssputs_r
                0x0800b878       0xb6 C:/ST/STM32CubeIDE_1.16.1/STM32CubeIDE/plugins/com.st.stm32cube.ide.mcu.externaltools.gnu-tools-for-stm32.12.3.rel1.win32_1.0.200.202406191623/tools/bin/../lib/gcc/arm-none-eabi/12.3.1/../../../../arm-none-eabi/lib/thumb/v7e-m+fp/hard\libc_nano.a(libc_a-nano-svfprintf.o)
                0x0800b878                __ssputs_r
 *fill*         0x0800b92e        0x2 
 .text._svfprintf_r
                0x0800b930      0x1f8 C:/ST/STM32CubeIDE_1.16.1/STM32CubeIDE/plugins/com.st.stm32cube.ide.mcu.externaltools.gnu-tools-for-stm32.12.3.rel1.win32_1.0.200.202406191623/tools/bin/../lib/gcc/arm-none-eabi/12.3.1/../../../../arm-none-eabi/lib/thumb/v7e-m+fp/hard\libc_nano.a(libc_a-nano-svfprintf.o)
                0x0800b930                _svfiprintf_r
                0x0800b930                _svfprintf_r
 .text._printf_common
                0x0800bb28       0xda C:/ST/STM32CubeIDE_1.16.1/STM32CubeIDE/plugins/com.st.stm32cube.ide.mcu.externaltools.gnu-tools-for-stm32.12.3.rel1.win32_1.0.200.202406191623/tools/bin/../lib/gcc/arm-none-eabi/12.3.1/../../../../arm-none-eabi/lib/thumb/v7e-m+fp/hard\libc_nano.a(libc_a-nano-vfprintf_i.o)
                0x0800bb28                _printf_common
 *fill*         0x0800bc02        0x2 
 .text._printf_i
                0x0800bc04      0x240 C:/ST/STM32CubeIDE_1.16.1/STM32CubeIDE/plugins/com.st.stm32cube.ide.mcu.externaltools.gnu-tools-for-stm32.12.3.rel1.win32_1.0.200.202406191623/tools/bin/../lib/gcc/arm-none-eabi/12.3.1/../../../../arm-none-eabi/lib/thumb/v7e-m+fp/hard\libc_nano.a(libc_a-nano-vfprintf_i.o)
                0x0800bc04                _printf_i
 .text.memmove  0x0800be44       0x34 C:/ST/STM32CubeIDE_1.16.1/STM32CubeIDE/plugins/com.st.stm32cube.ide.mcu.externaltools.gnu-tools-for-stm32.12.3.rel1.win32_1.0.200.202406191623/tools/bin/../lib/gcc/arm-none-eabi/12.3.1/../../../../arm-none-eabi/lib/thumb/v7e-m+fp/hard\libc_nano.a(libc_a-memmove.o)
                0x0800be44                memmove
 .text._realloc_r
                0x0800be78       0x5c C:/ST/STM32CubeIDE_1.16.1/STM32CubeIDE/plugins/com.st.stm32cube.ide.mcu.externaltools.gnu-tools-for-stm32.12.3.rel1.win32_1.0.200.202406191623/tools/bin/../lib/gcc/arm-none-eabi/12.3.1/../../../../arm-none-eabi/lib/thumb/v7e-m+fp/hard\libc_nano.a(libc_a-reallocr.o)
                0x0800be78                _realloc_r
 .text._malloc_usable_size_r
                0x0800bed4       0x10 C:/ST/STM32CubeIDE_1.16.1/STM32CubeIDE/plugins/com.st.stm32cube.ide.mcu.externaltools.gnu-tools-for-stm32.12.3.rel1.win32_1.0.200.202406191623/tools/bin/../lib/gcc/arm-none-eabi/12.3.1/../../../../arm-none-eabi/lib/thumb/v7e-m+fp/hard\libc_nano.a(libc_a-msizer.o)
                0x0800bed4                _malloc_usable_size_r
 .text.pow      0x0800bee4       0xe0 C:/ST/STM32CubeIDE_1.16.1/STM32CubeIDE/plugins/com.st.stm32cube.ide.mcu.externaltools.gnu-tools-for-stm32.12.3.rel1.win32_1.0.200.202406191623/tools/bin/../lib/gcc/arm-none-eabi/12.3.1/../../../../arm-none-eabi/lib/thumb/v7e-m+fp/hard\libm.a(libm_a-w_pow.o)
                0x0800bee4                pow
 .text.finite   0x0800bfc4       0x16 C:/ST/STM32CubeIDE_1.16.1/STM32CubeIDE/plugins/com.st.stm32cube.ide.mcu.externaltools.gnu-tools-for-stm32.12.3.rel1.win32_1.0.200.202406191623/tools/bin/../lib/gcc/arm-none-eabi/12.3.1/../../../../arm-none-eabi/lib/thumb/v7e-m+fp/hard\libm.a(libm_a-s_finite.o)
                0x0800bfc4                finite
 *fill*         0x0800bfda        0x6 
 .text.__ieee754_pow
                0x0800bfe0      0xa88 C:/ST/STM32CubeIDE_1.16.1/STM32CubeIDE/plugins/com.st.stm32cube.ide.mcu.externaltools.gnu-tools-for-stm32.12.3.rel1.win32_1.0.200.202406191623/tools/bin/../lib/gcc/arm-none-eabi/12.3.1/../../../../arm-none-eabi/lib/thumb/v7e-m+fp/hard\libm.a(libm_a-e_pow.o)
                0x0800bfe0                __ieee754_pow
 .text.fabs     0x0800ca68       0x10 C:/ST/STM32CubeIDE_1.16.1/STM32CubeIDE/plugins/com.st.stm32cube.ide.mcu.externaltools.gnu-tools-for-stm32.12.3.rel1.win32_1.0.200.202406191623/tools/bin/../lib/gcc/arm-none-eabi/12.3.1/../../../../arm-none-eabi/lib/thumb/v7e-m+fp/hard\libm.a(libm_a-s_fabs.o)
                0x0800ca68                fabs
 .text.scalbn   0x0800ca78       0xfc C:/ST/STM32CubeIDE_1.16.1/STM32CubeIDE/plugins/com.st.stm32cube.ide.mcu.externaltools.gnu-tools-for-stm32.12.3.rel1.win32_1.0.200.202406191623/tools/bin/../lib/gcc/arm-none-eabi/12.3.1/../../../../arm-none-eabi/lib/thumb/v7e-m+fp/hard\libm.a(libm_a-s_scalbn.o)
                0x0800ca78                scalbn
 .text.with_errno
                0x0800cb74       0x24 C:/ST/STM32CubeIDE_1.16.1/STM32CubeIDE/plugins/com.st.stm32cube.ide.mcu.externaltools.gnu-tools-for-stm32.12.3.rel1.win32_1.0.200.202406191623/tools/bin/../lib/gcc/arm-none-eabi/12.3.1/../../../../arm-none-eabi/lib/thumb/v7e-m+fp/hard\libm.a(libm_a-math_err.o)
 .text.xflow    0x0800cb98       0x32 C:/ST/STM32CubeIDE_1.16.1/STM32CubeIDE/plugins/com.st.stm32cube.ide.mcu.externaltools.gnu-tools-for-stm32.12.3.rel1.win32_1.0.200.202406191623/tools/bin/../lib/gcc/arm-none-eabi/12.3.1/../../../../arm-none-eabi/lib/thumb/v7e-m+fp/hard\libm.a(libm_a-math_err.o)
 *fill*         0x0800cbca        0x6 
 .text.__math_uflow
                0x0800cbd0       0x10 C:/ST/STM32CubeIDE_1.16.1/STM32CubeIDE/plugins/com.st.stm32cube.ide.mcu.externaltools.gnu-tools-for-stm32.12.3.rel1.win32_1.0.200.202406191623/tools/bin/../lib/gcc/arm-none-eabi/12.3.1/../../../../arm-none-eabi/lib/thumb/v7e-m+fp/hard\libm.a(libm_a-math_err.o)
                0x0800cbd0                __math_uflow
 .text.__math_oflow
                0x0800cbe0       0x10 C:/ST/STM32CubeIDE_1.16.1/STM32CubeIDE/plugins/com.st.stm32cube.ide.mcu.externaltools.gnu-tools-for-stm32.12.3.rel1.win32_1.0.200.202406191623/tools/bin/../lib/gcc/arm-none-eabi/12.3.1/../../../../arm-none-eabi/lib/thumb/v7e-m+fp/hard\libm.a(libm_a-math_err.o)
                0x0800cbe0                __math_oflow
 .text.__ieee754_sqrt
                0x0800cbf0      0x1b4 C:/ST/STM32CubeIDE_1.16.1/STM32CubeIDE/plugins/com.st.stm32cube.ide.mcu.externaltools.gnu-tools-for-stm32.12.3.rel1.win32_1.0.200.202406191623/tools/bin/../lib/gcc/arm-none-eabi/12.3.1/../../../../arm-none-eabi/lib/thumb/v7e-m+fp/hard\libm.a(libm_a-e_sqrt.o)
                0x0800cbf0                __ieee754_sqrt
 *(.glue_7)
 .glue_7        0x0800cda4        0x0 linker stubs
 *(.glue_7t)
 .glue_7t       0x0800cda4        0x0 linker stubs
 *(.eh_frame)
 .eh_frame      0x0800cda4        0x0 C:/ST/STM32CubeIDE_1.16.1/STM32CubeIDE/plugins/com.st.stm32cube.ide.mcu.externaltools.gnu-tools-for-stm32.12.3.rel1.win32_1.0.200.202406191623/tools/bin/../lib/gcc/arm-none-eabi/12.3.1/thumb/v7e-m+fp/hard/crtbegin.o
 *(.init)
 .init          0x0800cda4        0x4 C:/ST/STM32CubeIDE_1.16.1/STM32CubeIDE/plugins/com.st.stm32cube.ide.mcu.externaltools.gnu-tools-for-stm32.12.3.rel1.win32_1.0.200.202406191623/tools/bin/../lib/gcc/arm-none-eabi/12.3.1/thumb/v7e-m+fp/hard/crti.o
                0x0800cda4                _init
 .init          0x0800cda8        0x8 C:/ST/STM32CubeIDE_1.16.1/STM32CubeIDE/plugins/com.st.stm32cube.ide.mcu.externaltools.gnu-tools-for-stm32.12.3.rel1.win32_1.0.200.202406191623/tools/bin/../lib/gcc/arm-none-eabi/12.3.1/thumb/v7e-m+fp/hard/crtn.o
 *(.fini)
 .fini          0x0800cdb0        0x4 C:/ST/STM32CubeIDE_1.16.1/STM32CubeIDE/plugins/com.st.stm32cube.ide.mcu.externaltools.gnu-tools-for-stm32.12.3.rel1.win32_1.0.200.202406191623/tools/bin/../lib/gcc/arm-none-eabi/12.3.1/thumb/v7e-m+fp/hard/crti.o
                0x0800cdb0                _fini
 .fini          0x0800cdb4        0x8 C:/ST/STM32CubeIDE_1.16.1/STM32CubeIDE/plugins/com.st.stm32cube.ide.mcu.externaltools.gnu-tools-for-stm32.12.3.rel1.win32_1.0.200.202406191623/tools/bin/../lib/gcc/arm-none-eabi/12.3.1/thumb/v7e-m+fp/hard/crtn.o
                0x0800cdbc                        . = ALIGN (0x4)
                0x0800cdbc                        _etext = .

.vfp11_veneer   0x0800cdbc        0x0
 .vfp11_veneer  0x0800cdbc        0x0 linker stubs

.v4_bx          0x0800cdbc        0x0
 .v4_bx         0x0800cdbc        0x0 linker stubs

.iplt           0x0800cdbc        0x0
 .iplt          0x0800cdbc        0x0 C:/ST/STM32CubeIDE_1.16.1/STM32CubeIDE/plugins/com.st.stm32cube.ide.mcu.externaltools.gnu-tools-for-stm32.12.3.rel1.win32_1.0.200.202406191623/tools/bin/../lib/gcc/arm-none-eabi/12.3.1/thumb/v7e-m+fp/hard/crtbegin.o

.rodata         0x0800cdc0      0x890
                0x0800cdc0                        . = ALIGN (0x4)
 *(.rodata)
 .rodata        0x0800cdc0      0x15a ./Core/Src/main.o
 *fill*         0x0800cf1a        0x2 
 .rodata        0x0800cf1c      0x5d9 ./Core/Src/midi_event.o
 *fill*         0x0800d4f5        0x3 
 .rodata        0x0800d4f8        0xc ./Core/Src/stm32f4xx_it.o
 .rodata        0x0800d504       0x44 ./Middlewares/Third_Party/FatFs/src/ff.o
 .rodata        0x0800d548        0x5 ./Middlewares/Third_Party/FreeRTOS/Source/tasks.o
 *(.rodata*)
 *fill*         0x0800d54d        0x3 
 .rodata.AHBPrescTable
                0x0800d550       0x10 ./Core/Src/system_stm32f4xx.o
                0x0800d550                AHBPrescTable
 .rodata.APBPrescTable
                0x0800d560        0x8 ./Core/Src/system_stm32f4xx.o
                0x0800d560                APBPrescTable
 .rodata.ExCvt  0x0800d568       0x80 ./Middlewares/Third_Party/FatFs/src/ff.o
 .rodata._svfprintf_r.str1.1
                0x0800d5e8       0x11 C:/ST/STM32CubeIDE_1.16.1/STM32CubeIDE/plugins/com.st.stm32cube.ide.mcu.externaltools.gnu-tools-for-stm32.12.3.rel1.win32_1.0.200.202406191623/tools/bin/../lib/gcc/arm-none-eabi/12.3.1/../../../../arm-none-eabi/lib/thumb/v7e-m+fp/hard\libc_nano.a(libc_a-nano-svfprintf.o)
 .rodata._printf_i.str1.1
                0x0800d5f9       0x22 C:/ST/STM32CubeIDE_1.16.1/STM32CubeIDE/plugins/com.st.stm32cube.ide.mcu.externaltools.gnu-tools-for-stm32.12.3.rel1.win32_1.0.200.202406191623/tools/bin/../lib/gcc/arm-none-eabi/12.3.1/../../../../arm-none-eabi/lib/thumb/v7e-m+fp/hard\libc_nano.a(libc_a-nano-vfprintf_i.o)
 *fill*         0x0800d61b        0x5 
 .rodata.dp_l   0x0800d620       0x10 C:/ST/STM32CubeIDE_1.16.1/STM32CubeIDE/plugins/com.st.stm32cube.ide.mcu.externaltools.gnu-tools-for-stm32.12.3.rel1.win32_1.0.200.202406191623/tools/bin/../lib/gcc/arm-none-eabi/12.3.1/../../../../arm-none-eabi/lib/thumb/v7e-m+fp/hard\libm.a(libm_a-e_pow.o)
 .rodata.dp_h   0x0800d630       0x10 C:/ST/STM32CubeIDE_1.16.1/STM32CubeIDE/plugins/com.st.stm32cube.ide.mcu.externaltools.gnu-tools-for-stm32.12.3.rel1.win32_1.0.200.202406191623/tools/bin/../lib/gcc/arm-none-eabi/12.3.1/../../../../arm-none-eabi/lib/thumb/v7e-m+fp/hard\libm.a(libm_a-e_pow.o)
 .rodata.bp     0x0800d640       0x10 C:/ST/STM32CubeIDE_1.16.1/STM32CubeIDE/plugins/com.st.stm32cube.ide.mcu.externaltools.gnu-tools-for-stm32.12.3.rel1.win32_1.0.200.202406191623/tools/bin/../lib/gcc/arm-none-eabi/12.3.1/../../../../arm-none-eabi/lib/thumb/v7e-m+fp/hard\libm.a(libm_a-e_pow.o)
                0x0800d650                        . = ALIGN (0x4)

.ARM.extab      0x0800d650        0x0
                0x0800d650                        . = ALIGN (0x4)
 *(.ARM.extab* .gnu.linkonce.armextab.*)
                0x0800d650                        . = ALIGN (0x4)

.ARM            0x0800d650        0x8
                0x0800d650                        . = ALIGN (0x4)
                0x0800d650                        __exidx_start = .
 *(.ARM.exidx*)
 .ARM.exidx     0x0800d650        0x8 C:/ST/STM32CubeIDE_1.16.1/STM32CubeIDE/plugins/com.st.stm32cube.ide.mcu.externaltools.gnu-tools-for-stm32.12.3.rel1.win32_1.0.200.202406191623/tools/bin/../lib/gcc/arm-none-eabi/12.3.1/../../../../arm-none-eabi/lib/thumb/v7e-m+fp/hard\libc_nano.a(libc_a-strlen.o)
 .ARM.exidx     0x0800d658        0x0 C:/ST/STM32CubeIDE_1.16.1/STM32CubeIDE/plugins/com.st.stm32cube.ide.mcu.externaltools.gnu-tools-for-stm32.12.3.rel1.win32_1.0.200.202406191623/tools/bin/../lib/gcc/arm-none-eabi/12.3.1/../../../../arm-none-eabi/lib/thumb/v7e-m+fp/hard\libc_nano.a(libc_a-memchr.o)
                                  0x8 (size before relaxing)
 .ARM.exidx     0x0800d658        0x0 C:/ST/STM32CubeIDE_1.16.1/STM32CubeIDE/plugins/com.st.stm32cube.ide.mcu.externaltools.gnu-tools-for-stm32.12.3.rel1.win32_1.0.200.202406191623/tools/bin/../lib/gcc/arm-none-eabi/12.3.1/thumb/v7e-m+fp/hard\libgcc.a(_udivmoddi4.o)
                                  0x8 (size before relaxing)
                0x0800d658                        __exidx_end = .
                0x0800d658                        . = ALIGN (0x4)

.preinit_array  0x0800d658        0x0
                0x0800d658                        . = ALIGN (0x4)
                0x0800d658                        PROVIDE (__preinit_array_start = .)
 *(.preinit_array*)
                0x0800d658                        PROVIDE (__preinit_array_end = .)
                0x0800d658                        . = ALIGN (0x4)

.init_array     0x0800d658        0x4
                0x0800d658                        . = ALIGN (0x4)
                0x0800d658                        PROVIDE (__init_array_start = .)
 *(SORT_BY_NAME(.init_array.*))
 *(.init_array*)
 .init_array    0x0800d658        0x4 C:/ST/STM32CubeIDE_1.16.1/STM32CubeIDE/plugins/com.st.stm32cube.ide.mcu.externaltools.gnu-tools-for-stm32.12.3.rel1.win32_1.0.200.202406191623/tools/bin/../lib/gcc/arm-none-eabi/12.3.1/thumb/v7e-m+fp/hard/crtbegin.o
                0x0800d65c                        PROVIDE (__init_array_end = .)
                0x0800d65c                        . = ALIGN (0x4)

.fini_array     0x0800d65c        0x4
                0x0800d65c                        . = ALIGN (0x4)
                [!provide]                        PROVIDE (__fini_array_start = .)
 *(SORT_BY_NAME(.fini_array.*))
 *(.fini_array*)
 .fini_array    0x0800d65c        0x4 C:/ST/STM32CubeIDE_1.16.1/STM32CubeIDE/plugins/com.st.stm32cube.ide.mcu.externaltools.gnu-tools-for-stm32.12.3.rel1.win32_1.0.200.202406191623/tools/bin/../lib/gcc/arm-none-eabi/12.3.1/thumb/v7e-m+fp/hard/crtbegin.o
                [!provide]                        PROVIDE (__fini_array_end = .)
                0x0800d660                        . = ALIGN (0x4)
                0x0800d660                        _sidata = LOADADDR (.data)

.rel.dyn        0x0800d660        0x0
 .rel.iplt      0x0800d660        0x0 C:/ST/STM32CubeIDE_1.16.1/STM32CubeIDE/plugins/com.st.stm32cube.ide.mcu.externaltools.gnu-tools-for-stm32.12.3.rel1.win32_1.0.200.202406191623/tools/bin/../lib/gcc/arm-none-eabi/12.3.1/thumb/v7e-m+fp/hard/crtbegin.o

.data           0x20000000       0x88 load address 0x0800d660
                0x20000000                        . = ALIGN (0x4)
                0x20000000                        _sdata = .
 *(.data)
 *(.data*)
 .data.SystemCoreClock
                0x20000000        0x4 ./Core/Src/system_stm32f4xx.o
                0x20000000                SystemCoreClock
 .data.uwTickPrio
                0x20000004        0x4 ./Drivers/STM32F4xx_HAL_Driver/Src/stm32f4xx_hal.o
                0x20000004                uwTickPrio
 .data.uwTickFreq
                0x20000008        0x1 ./Drivers/STM32F4xx_HAL_Driver/Src/stm32f4xx_hal.o
                0x20000008                uwTickFreq
 *fill*         0x20000009        0x3 
 .data.USER_Driver
                0x2000000c       0x14 ./FATFS/Target/user_diskio.o
                0x2000000c                USER_Driver
 .data.Stat     0x20000020        0x1 ./FATFS/Target/user_diskio_spi.o
 *fill*         0x20000021        0x3 
 .data.uxCriticalNesting
                0x20000024        0x4 ./Middlewares/Third_Party/FreeRTOS/Source/portable/GCC/ARM_CM4F/port.o
 .data._impure_ptr
                0x20000028        0x4 C:/ST/STM32CubeIDE_1.16.1/STM32CubeIDE/plugins/com.st.stm32cube.ide.mcu.externaltools.gnu-tools-for-stm32.12.3.rel1.win32_1.0.200.202406191623/tools/bin/../lib/gcc/arm-none-eabi/12.3.1/../../../../arm-none-eabi/lib/thumb/v7e-m+fp/hard\libc_nano.a(libc_a-impure.o)
                0x20000028                _impure_ptr
 .data._impure_data
                0x2000002c       0x4c C:/ST/STM32CubeIDE_1.16.1/STM32CubeIDE/plugins/com.st.stm32cube.ide.mcu.externaltools.gnu-tools-for-stm32.12.3.rel1.win32_1.0.200.202406191623/tools/bin/../lib/gcc/arm-none-eabi/12.3.1/../../../../arm-none-eabi/lib/thumb/v7e-m+fp/hard\libc_nano.a(libc_a-impure.o)
                0x2000002c                _impure_data
 .data.tiny     0x20000078        0x8 C:/ST/STM32CubeIDE_1.16.1/STM32CubeIDE/plugins/com.st.stm32cube.ide.mcu.externaltools.gnu-tools-for-stm32.12.3.rel1.win32_1.0.200.202406191623/tools/bin/../lib/gcc/arm-none-eabi/12.3.1/../../../../arm-none-eabi/lib/thumb/v7e-m+fp/hard\libm.a(libm_a-e_sqrt.o)
 .data.one      0x20000080        0x8 C:/ST/STM32CubeIDE_1.16.1/STM32CubeIDE/plugins/com.st.stm32cube.ide.mcu.externaltools.gnu-tools-for-stm32.12.3.rel1.win32_1.0.200.202406191623/tools/bin/../lib/gcc/arm-none-eabi/12.3.1/../../../../arm-none-eabi/lib/thumb/v7e-m+fp/hard\libm.a(libm_a-e_sqrt.o)
 *(.RamFunc)
 *(.RamFunc*)
                0x20000088                        . = ALIGN (0x4)
                0x20000088                        _edata = .

.igot.plt       0x20000088        0x0 load address 0x0800d6e8
 .igot.plt      0x20000088        0x0 C:/ST/STM32CubeIDE_1.16.1/STM32CubeIDE/plugins/com.st.stm32cube.ide.mcu.externaltools.gnu-tools-for-stm32.12.3.rel1.win32_1.0.200.202406191623/tools/bin/../lib/gcc/arm-none-eabi/12.3.1/thumb/v7e-m+fp/hard/crtbegin.o
                0x20000088                        . = ALIGN (0x4)

.bss            0x20000088     0x43dc load address 0x0800d6e8
                0x20000088                        _sbss = .
                0x20000088                        __bss_start__ = _sbss
 *(.bss)
 .bss           0x20000088       0x1c C:/ST/STM32CubeIDE_1.16.1/STM32CubeIDE/plugins/com.st.stm32cube.ide.mcu.externaltools.gnu-tools-for-stm32.12.3.rel1.win32_1.0.200.202406191623/tools/bin/../lib/gcc/arm-none-eabi/12.3.1/thumb/v7e-m+fp/hard/crtbegin.o
 *(.bss*)
 .bss.xIdleTaskTCBBuffer
                0x200000a4       0x54 ./Core/Src/freertos.o
 .bss.xIdleStack
                0x200000f8      0x200 ./Core/Src/freertos.o
 .bss.hspi1     0x200002f8       0x58 ./Core/Src/main.o
                0x200002f8                hspi1
 .bss.htim1     0x20000350       0x48 ./Core/Src/main.o
                0x20000350                htim1
 .bss.huart2    0x20000398       0x48 ./Core/Src/main.o
                0x20000398                huart2
 .bss.ParseMidiHandle
                0x200003e0        0x4 ./Core/Src/main.o
                0x200003e0                ParseMidiHandle
 .bss.AudioOutputHandle
                0x200003e4        0x4 ./Core/Src/main.o
                0x200003e4                AudioOutputHandle
 .bss.NoteQueue1Handle
                0x200003e8        0x4 ./Core/Src/main.o
                0x200003e8                NoteQueue1Handle
 .bss.USART_lockHandle
                0x200003ec        0x4 ./Core/Src/main.o
                0x200003ec                USART_lockHandle
 .bss.htim14    0x200003f0       0x48 ./Core/Src/stm32f4xx_hal_timebase_tim.o
                0x200003f0                htim14
 .bss.__sbrk_heap_end
                0x20000438        0x4 ./Core/Src/sysmem.o
 .bss.buffer.0  0x2000043c      0x100 ./Core/Src/utils.o
 .bss.uwTick    0x2000053c        0x4 ./Drivers/STM32F4xx_HAL_Driver/Src/stm32f4xx_hal.o
                0x2000053c                uwTick
 .bss.retUSER   0x20000540        0x1 ./FATFS/App/fatfs.o
                0x20000540                retUSER
 *fill*         0x20000541        0x3 
 .bss.USERPath  0x20000544        0x4 ./FATFS/App/fatfs.o
                0x20000544                USERPath
 .bss.CardType  0x20000548        0x1 ./FATFS/Target/user_diskio_spi.o
 *fill*         0x20000549        0x3 
 .bss.spiTimerTickStart
                0x2000054c        0x4 ./FATFS/Target/user_diskio_spi.o
                0x2000054c                spiTimerTickStart
 .bss.spiTimerTickDelay
                0x20000550        0x4 ./FATFS/Target/user_diskio_spi.o
                0x20000550                spiTimerTickDelay
 .bss.FatFs     0x20000554        0x4 ./Middlewares/Third_Party/FatFs/src/ff.o
 .bss.Fsid      0x20000558        0x2 ./Middlewares/Third_Party/FatFs/src/ff.o
 *fill*         0x2000055a        0x2 
 .bss.Files     0x2000055c       0x20 ./Middlewares/Third_Party/FatFs/src/ff.o
 .bss.disk      0x2000057c        0xc ./Middlewares/Third_Party/FatFs/src/ff_gen_drv.o
                0x2000057c                disk
 .bss.xQueueRegistry
                0x20000588       0x40 ./Middlewares/Third_Party/FreeRTOS/Source/queue.o
                0x20000588                xQueueRegistry
 .bss.pxCurrentTCB
                0x200005c8        0x4 ./Middlewares/Third_Party/FreeRTOS/Source/tasks.o
                0x200005c8                pxCurrentTCB
 .bss.pxReadyTasksLists
                0x200005cc       0x8c ./Middlewares/Third_Party/FreeRTOS/Source/tasks.o
 .bss.xDelayedTaskList1
                0x20000658       0x14 ./Middlewares/Third_Party/FreeRTOS/Source/tasks.o
 .bss.xDelayedTaskList2
                0x2000066c       0x14 ./Middlewares/Third_Party/FreeRTOS/Source/tasks.o
 .bss.pxDelayedTaskList
                0x20000680        0x4 ./Middlewares/Third_Party/FreeRTOS/Source/tasks.o
 .bss.pxOverflowDelayedTaskList
                0x20000684        0x4 ./Middlewares/Third_Party/FreeRTOS/Source/tasks.o
 .bss.xPendingReadyList
                0x20000688       0x14 ./Middlewares/Third_Party/FreeRTOS/Source/tasks.o
 .bss.xTasksWaitingTermination
                0x2000069c       0x14 ./Middlewares/Third_Party/FreeRTOS/Source/tasks.o
 .bss.uxDeletedTasksWaitingCleanUp
                0x200006b0        0x4 ./Middlewares/Third_Party/FreeRTOS/Source/tasks.o
 .bss.xSuspendedTaskList
                0x200006b4       0x14 ./Middlewares/Third_Party/FreeRTOS/Source/tasks.o
 .bss.uxCurrentNumberOfTasks
                0x200006c8        0x4 ./Middlewares/Third_Party/FreeRTOS/Source/tasks.o
 .bss.xTickCount
                0x200006cc        0x4 ./Middlewares/Third_Party/FreeRTOS/Source/tasks.o
 .bss.uxTopReadyPriority
                0x200006d0        0x4 ./Middlewares/Third_Party/FreeRTOS/Source/tasks.o
 .bss.xSchedulerRunning
                0x200006d4        0x4 ./Middlewares/Third_Party/FreeRTOS/Source/tasks.o
 .bss.xPendedTicks
                0x200006d8        0x4 ./Middlewares/Third_Party/FreeRTOS/Source/tasks.o
 .bss.xYieldPending
                0x200006dc        0x4 ./Middlewares/Third_Party/FreeRTOS/Source/tasks.o
 .bss.xNumOfOverflows
                0x200006e0        0x4 ./Middlewares/Third_Party/FreeRTOS/Source/tasks.o
 .bss.uxTaskNumber
                0x200006e4        0x4 ./Middlewares/Third_Party/FreeRTOS/Source/tasks.o
 .bss.xNextTaskUnblockTime
                0x200006e8        0x4 ./Middlewares/Third_Party/FreeRTOS/Source/tasks.o
 .bss.xIdleTaskHandle
                0x200006ec        0x4 ./Middlewares/Third_Party/FreeRTOS/Source/tasks.o
 .bss.uxSchedulerSuspended
                0x200006f0        0x4 ./Middlewares/Third_Party/FreeRTOS/Source/tasks.o
 .bss.ucMaxSysCallPriority
                0x200006f4        0x1 ./Middlewares/Third_Party/FreeRTOS/Source/portable/GCC/ARM_CM4F/port.o
 *fill*         0x200006f5        0x3 
 .bss.ulMaxPRIGROUPValue
                0x200006f8        0x4 ./Middlewares/Third_Party/FreeRTOS/Source/portable/GCC/ARM_CM4F/port.o
 .bss.ucHeap    0x200006fc     0x3c00 ./Middlewares/Third_Party/FreeRTOS/Source/portable/MemMang/heap_4.o
 .bss.xStart    0x200042fc        0x8 ./Middlewares/Third_Party/FreeRTOS/Source/portable/MemMang/heap_4.o
 .bss.pxEnd     0x20004304        0x4 ./Middlewares/Third_Party/FreeRTOS/Source/portable/MemMang/heap_4.o
 .bss.xFreeBytesRemaining
                0x20004308        0x4 ./Middlewares/Third_Party/FreeRTOS/Source/portable/MemMang/heap_4.o
 .bss.xMinimumEverFreeBytesRemaining
                0x2000430c        0x4 ./Middlewares/Third_Party/FreeRTOS/Source/portable/MemMang/heap_4.o
 .bss.xNumberOfSuccessfulAllocations
                0x20004310        0x4 ./Middlewares/Third_Party/FreeRTOS/Source/portable/MemMang/heap_4.o
 .bss.xNumberOfSuccessfulFrees
                0x20004314        0x4 ./Middlewares/Third_Party/FreeRTOS/Source/portable/MemMang/heap_4.o
 .bss.xBlockAllocatedBit
                0x20004318        0x4 ./Middlewares/Third_Party/FreeRTOS/Source/portable/MemMang/heap_4.o
 .bss.__malloc_sbrk_start
                0x2000431c        0x4 C:/ST/STM32CubeIDE_1.16.1/STM32CubeIDE/plugins/com.st.stm32cube.ide.mcu.externaltools.gnu-tools-for-stm32.12.3.rel1.win32_1.0.200.202406191623/tools/bin/../lib/gcc/arm-none-eabi/12.3.1/../../../../arm-none-eabi/lib/thumb/v7e-m+fp/hard\libc_nano.a(libc_a-mallocr.o)
                0x2000431c                __malloc_sbrk_start
 .bss.__malloc_free_list
                0x20004320        0x4 C:/ST/STM32CubeIDE_1.16.1/STM32CubeIDE/plugins/com.st.stm32cube.ide.mcu.externaltools.gnu-tools-for-stm32.12.3.rel1.win32_1.0.200.202406191623/tools/bin/../lib/gcc/arm-none-eabi/12.3.1/../../../../arm-none-eabi/lib/thumb/v7e-m+fp/hard\libc_nano.a(libc_a-mallocr.o)
                0x20004320                __malloc_free_list
 .bss.__sf      0x20004324      0x138 C:/ST/STM32CubeIDE_1.16.1/STM32CubeIDE/plugins/com.st.stm32cube.ide.mcu.externaltools.gnu-tools-for-stm32.12.3.rel1.win32_1.0.200.202406191623/tools/bin/../lib/gcc/arm-none-eabi/12.3.1/../../../../arm-none-eabi/lib/thumb/v7e-m+fp/hard\libc_nano.a(libc_a-findfp.o)
                0x20004324                __sf
 .bss.errno     0x2000445c        0x4 C:/ST/STM32CubeIDE_1.16.1/STM32CubeIDE/plugins/com.st.stm32cube.ide.mcu.externaltools.gnu-tools-for-stm32.12.3.rel1.win32_1.0.200.202406191623/tools/bin/../lib/gcc/arm-none-eabi/12.3.1/../../../../arm-none-eabi/lib/thumb/v7e-m+fp/hard\libc_nano.a(libc_a-reent.o)
                0x2000445c                errno
 .bss.__lock___malloc_recursive_mutex
                0x20004460        0x1 C:/ST/STM32CubeIDE_1.16.1/STM32CubeIDE/plugins/com.st.stm32cube.ide.mcu.externaltools.gnu-tools-for-stm32.12.3.rel1.win32_1.0.200.202406191623/tools/bin/../lib/gcc/arm-none-eabi/12.3.1/../../../../arm-none-eabi/lib/thumb/v7e-m+fp/hard\libc_nano.a(libc_a-lock.o)
                0x20004460                __lock___malloc_recursive_mutex
 *(COMMON)
                0x20004464                        . = ALIGN (0x4)
 *fill*         0x20004461        0x3 
                0x20004464                        _ebss = .
                0x20004464                        __bss_end__ = _ebss

._user_heap_stack
                0x20004464      0x604 load address 0x0800d6e8
                0x20004468                        . = ALIGN (0x8)
 *fill*         0x20004464        0x4 
                [!provide]                        PROVIDE (end = .)
                0x20004468                        PROVIDE (_end = .)
                0x20004668                        . = (. + _Min_Heap_Size)
 *fill*         0x20004468      0x200 
                0x20004a68                        . = (. + _Min_Stack_Size)
 *fill*         0x20004668      0x400 
                0x20004a68                        . = ALIGN (0x8)

/DISCARD/
 libc.a(*)
 libm.a(*)
 libgcc.a(*)

.ARM.attributes
                0x00000000       0x30
 *(.ARM.attributes)
 .ARM.attributes
                0x00000000       0x22 C:/ST/STM32CubeIDE_1.16.1/STM32CubeIDE/plugins/com.st.stm32cube.ide.mcu.externaltools.gnu-tools-for-stm32.12.3.rel1.win32_1.0.200.202406191623/tools/bin/../lib/gcc/arm-none-eabi/12.3.1/thumb/v7e-m+fp/hard/crti.o
 .ARM.attributes
                0x00000022       0x34 C:/ST/STM32CubeIDE_1.16.1/STM32CubeIDE/plugins/com.st.stm32cube.ide.mcu.externaltools.gnu-tools-for-stm32.12.3.rel1.win32_1.0.200.202406191623/tools/bin/../lib/gcc/arm-none-eabi/12.3.1/thumb/v7e-m+fp/hard/crtbegin.o
 .ARM.attributes
                0x00000056       0x34 ./Core/Src/freertos.o
 .ARM.attributes
                0x0000008a       0x34 ./Core/Src/main.o
 .ARM.attributes
                0x000000be       0x34 ./Core/Src/midi_event.o
 .ARM.attributes
                0x000000f2       0x34 ./Core/Src/stm32f4xx_hal_msp.o
 .ARM.attributes
                0x00000126       0x34 ./Core/Src/stm32f4xx_hal_timebase_tim.o
 .ARM.attributes
                0x0000015a       0x34 ./Core/Src/stm32f4xx_it.o
 .ARM.attributes
                0x0000018e       0x34 ./Core/Src/syscalls.o
 .ARM.attributes
                0x000001c2       0x34 ./Core/Src/sysmem.o
 .ARM.attributes
                0x000001f6       0x34 ./Core/Src/system_stm32f4xx.o
 .ARM.attributes
                0x0000022a       0x34 ./Core/Src/utils.o
 .ARM.attributes
                0x0000025e       0x21 ./Core/Startup/startup_stm32f446retx.o
 .ARM.attributes
                0x0000027f       0x34 ./Drivers/STM32F4xx_HAL_Driver/Src/stm32f4xx_hal.o
 .ARM.attributes
                0x000002b3       0x34 ./Drivers/STM32F4xx_HAL_Driver/Src/stm32f4xx_hal_cortex.o
 .ARM.attributes
                0x000002e7       0x34 ./Drivers/STM32F4xx_HAL_Driver/Src/stm32f4xx_hal_gpio.o
 .ARM.attributes
                0x0000031b       0x34 ./Drivers/STM32F4xx_HAL_Driver/Src/stm32f4xx_hal_rcc.o
 .ARM.attributes
                0x0000034f       0x34 ./Drivers/STM32F4xx_HAL_Driver/Src/stm32f4xx_hal_rcc_ex.o
 .ARM.attributes
                0x00000383       0x34 ./Drivers/STM32F4xx_HAL_Driver/Src/stm32f4xx_hal_spi.o
 .ARM.attributes
                0x000003b7       0x34 ./Drivers/STM32F4xx_HAL_Driver/Src/stm32f4xx_hal_tim.o
 .ARM.attributes
                0x000003eb       0x34 ./Drivers/STM32F4xx_HAL_Driver/Src/stm32f4xx_hal_tim_ex.o
 .ARM.attributes
                0x0000041f       0x34 ./Drivers/STM32F4xx_HAL_Driver/Src/stm32f4xx_hal_uart.o
 .ARM.attributes
                0x00000453       0x34 ./FATFS/App/fatfs.o
 .ARM.attributes
                0x00000487       0x34 ./FATFS/Target/user_diskio.o
 .ARM.attributes
                0x000004bb       0x34 ./FATFS/Target/user_diskio_spi.o
 .ARM.attributes
                0x000004ef       0x34 ./Middlewares/Third_Party/FatFs/src/diskio.o
 .ARM.attributes
                0x00000523       0x34 ./Middlewares/Third_Party/FatFs/src/ff.o
 .ARM.attributes
                0x00000557       0x34 ./Middlewares/Third_Party/FatFs/src/ff_gen_drv.o
 .ARM.attributes
                0x0000058b       0x34 ./Middlewares/Third_Party/FatFs/src/option/syscall.o
 .ARM.attributes
                0x000005bf       0x34 ./Middlewares/Third_Party/FreeRTOS/Source/CMSIS_RTOS/cmsis_os.o
 .ARM.attributes
                0x000005f3       0x34 ./Middlewares/Third_Party/FreeRTOS/Source/list.o
 .ARM.attributes
                0x00000627       0x34 ./Middlewares/Third_Party/FreeRTOS/Source/queue.o
 .ARM.attributes
                0x0000065b       0x34 ./Middlewares/Third_Party/FreeRTOS/Source/tasks.o
 .ARM.attributes
                0x0000068f       0x34 ./Middlewares/Third_Party/FreeRTOS/Source/portable/GCC/ARM_CM4F/port.o
 .ARM.attributes
                0x000006c3       0x34 ./Middlewares/Third_Party/FreeRTOS/Source/portable/MemMang/heap_4.o
 .ARM.attributes
                0x000006f7       0x34 C:/ST/STM32CubeIDE_1.16.1/STM32CubeIDE/plugins/com.st.stm32cube.ide.mcu.externaltools.gnu-tools-for-stm32.12.3.rel1.win32_1.0.200.202406191623/tools/bin/../lib/gcc/arm-none-eabi/12.3.1/../../../../arm-none-eabi/lib/thumb/v7e-m+fp/hard\libc_nano.a(libc_a-abort.o)
 .ARM.attributes
                0x0000072b       0x34 C:/ST/STM32CubeIDE_1.16.1/STM32CubeIDE/plugins/com.st.stm32cube.ide.mcu.externaltools.gnu-tools-for-stm32.12.3.rel1.win32_1.0.200.202406191623/tools/bin/../lib/gcc/arm-none-eabi/12.3.1/../../../../arm-none-eabi/lib/thumb/v7e-m+fp/hard\libc_nano.a(libc_a-malloc.o)
 .ARM.attributes
                0x0000075f       0x34 C:/ST/STM32CubeIDE_1.16.1/STM32CubeIDE/plugins/com.st.stm32cube.ide.mcu.externaltools.gnu-tools-for-stm32.12.3.rel1.win32_1.0.200.202406191623/tools/bin/../lib/gcc/arm-none-eabi/12.3.1/../../../../arm-none-eabi/lib/thumb/v7e-m+fp/hard\libc_nano.a(libc_a-mallocr.o)
 .ARM.attributes
                0x00000793       0x34 C:/ST/STM32CubeIDE_1.16.1/STM32CubeIDE/plugins/com.st.stm32cube.ide.mcu.externaltools.gnu-tools-for-stm32.12.3.rel1.win32_1.0.200.202406191623/tools/bin/../lib/gcc/arm-none-eabi/12.3.1/../../../../arm-none-eabi/lib/thumb/v7e-m+fp/hard\libc_nano.a(libc_a-mlock.o)
 .ARM.attributes
                0x000007c7       0x34 C:/ST/STM32CubeIDE_1.16.1/STM32CubeIDE/plugins/com.st.stm32cube.ide.mcu.externaltools.gnu-tools-for-stm32.12.3.rel1.win32_1.0.200.202406191623/tools/bin/../lib/gcc/arm-none-eabi/12.3.1/../../../../arm-none-eabi/lib/thumb/v7e-m+fp/hard\libc_nano.a(libc_a-findfp.o)
 .ARM.attributes