../Core/Src/main.c:89:5:main	1256	static
../Core/Src/main.c:239:6:SystemClock_Config	88	static
../Core/Src/main.c:287:13:MX_SPI1_Init	8	static
../Core/Src/main.c:325:13:MX_TIM1_Init	80	static
../Core/Src/main.c:390:13:MX_USART2_UART_Init	8	static
../Core/Src/main.c:423:13:MX_GPIO_Init	32	static
../Core/Src/main.c:457:6:StartParseMidi	24	static
../Core/Src/main.c:493:6:StartAudioOutput	40	static
../Core/Src/main.c:535:6:HAL_TIM_PeriodElapsedCallback	16	static
../Core/Src/main.c:552:6:Error_Handler	4	static,ignoring_inline_asm
