../Core/Src/main.c:90:5:main	1264	static
../Core/Src/main.c:244:6:SystemClock_Config	88	static
../Core/Src/main.c:292:13:MX_SPI1_Init	8	static
../Core/Src/main.c:330:13:MX_TIM1_Init	80	static
../Core/Src/main.c:395:13:MX_USART2_UART_Init	8	static
../Core/Src/main.c:428:13:MX_GPIO_Init	32	static
../Core/Src/main.c:462:6:StartParseMidi	24	static
../Core/Src/main.c:499:6:StartAudioOutput	24	static
../Core/Src/main.c:541:6:HAL_TIM_PeriodElapsedCallback	16	static
../Core/Src/main.c:558:6:Error_Handler	4	static,ignoring_inline_asm
